Component: ARM Compiler 5.06 update 6 (build 750) Tool: armlink [4d35ed]

==============================================================================

Section Cross References

    main.o(i.main) refers to memcpya.o(.text) for __aeabi_memcpy4
    main.o(i.main) refers to stm32f4xx_hal.o(i.HAL_Init) for HAL_Init
    main.o(i.main) refers to sys.o(i.Stm32_Clock_Init) for Stm32_Clock_Init
    main.o(i.main) refers to system_stm32f4xx.o(i.SystemCoreClockUpdate) for SystemCoreClockUpdate
    main.o(i.main) refers to delay.o(i.delay_init) for delay_init
    main.o(i.main) refers to io.o(i.IO_Init) for IO_Init
    main.o(i.main) refers to timer.o(i.TIM2_Init) for TIM2_Init
    main.o(i.main) refers to malloc.o(i.my_mem_init) for my_mem_init
    main.o(i.main) refers to sdio_sdcard.o(i.SD_Init) for SD_Init
    main.o(i.main) refers to exfuns.o(i.exfuns_init) for exfuns_init
    main.o(i.main) refers to ff.o(i.f_mount) for f_mount
    main.o(i.main) refers to exfuns.o(i.f_record_init) for f_record_init
    main.o(i.main) refers to pid.o(i.PID_Init) for PID_Init
    main.o(i.main) refers to can.o(i.CAN_Mode_Init) for CAN_Mode_Init
    main.o(i.main) refers to main.o(.constdata) for .constdata
    main.o(i.main) refers to command.o(.data) for isSDcardExistence
    main.o(i.main) refers to exfuns.o(.data) for fs
    stm32f4xx_it.o(i.SysTick_Handler) refers to stm32f4xx_hal.o(i.HAL_IncTick) for HAL_IncTick
    system_stm32f4xx.o(i.SystemCoreClockUpdate) refers to system_stm32f4xx.o(.data) for SystemCoreClock
    io.o(i.EXTI15_10_IRQHandler) refers to stm32f4xx_hal_gpio.o(i.HAL_GPIO_EXTI_IRQHandler) for HAL_GPIO_EXTI_IRQHandler
    io.o(i.EXTI_Config) refers to stm32f4xx_hal_gpio.o(i.HAL_GPIO_Init) for HAL_GPIO_Init
    io.o(i.EXTI_Config) refers to stm32f4xx_hal_cortex.o(i.HAL_NVIC_SetPriority) for HAL_NVIC_SetPriority
    io.o(i.EXTI_Config) refers to stm32f4xx_hal_cortex.o(i.HAL_NVIC_EnableIRQ) for HAL_NVIC_EnableIRQ
    io.o(i.HAL_GPIO_EXTI_Callback) refers to pid.o(.bss) for set_loc
    io.o(i.IO_Init) refers to stm32f4xx_hal_gpio.o(i.HAL_GPIO_Init) for HAL_GPIO_Init
    uart.o(i.HAL_UART_MspInit) refers to stm32f4xx_hal_gpio.o(i.HAL_GPIO_Init) for HAL_GPIO_Init
    uart.o(i.HAL_UART_MspInit) refers to stm32f4xx_hal_cortex.o(i.HAL_NVIC_EnableIRQ) for HAL_NVIC_EnableIRQ
    uart.o(i.HAL_UART_MspInit) refers to stm32f4xx_hal_cortex.o(i.HAL_NVIC_SetPriority) for HAL_NVIC_SetPriority
    uart.o(i.UART4_IRQHandler) refers to stm32f4xx_hal_uart.o(i.HAL_UART_Receive) for HAL_UART_Receive
    uart.o(i.UART4_IRQHandler) refers to uart.o(i.UART_SendByte) for UART_SendByte
    uart.o(i.UART4_IRQHandler) refers to uart.o(.bss) for UART4_Handler
    uart.o(i.UART_Config) refers to stm32f4xx_hal_uart.o(i.HAL_UART_Init) for HAL_UART_Init
    uart.o(i.UART_Config) refers to uart.o(.bss) for USART2_Handler
    uart.o(i.UART_GetByte) refers to stm32f4xx_hal_uart.o(i.HAL_UART_Receive) for HAL_UART_Receive
    uart.o(i.UART_SendByte) refers to stm32f4xx_hal_uart.o(i.HAL_UART_Transmit) for HAL_UART_Transmit
    uart.o(i.UART_printf) refers to printfa.o(i.__0vsprintf) for vsprintf
    uart.o(i.UART_printf) refers to uart.o(i.UART_puts) for UART_puts
    uart.o(i.UART_puts) refers to uart.o(i.UART_SendByte) for UART_SendByte
    uart.o(i.USART2_IRQHandler) refers to stm32f4xx_hal_uart.o(i.HAL_UART_Receive) for HAL_UART_Receive
    uart.o(i.USART2_IRQHandler) refers to uart.o(i.UART_SendByte) for UART_SendByte
    uart.o(i.USART2_IRQHandler) refers to uart.o(.bss) for USART2_Handler
    uart.o(i.USART3_IRQHandler) refers to stm32f4xx_hal_uart.o(i.HAL_UART_Receive) for HAL_UART_Receive
    uart.o(i.USART3_IRQHandler) refers to uart.o(i.UART_SendByte) for UART_SendByte
    uart.o(i.USART3_IRQHandler) refers to uart.o(.bss) for USART3_Handler
    uart.o(i.USART6_IRQHandler) refers to stm32f4xx_hal_uart.o(i.HAL_UART_Receive) for HAL_UART_Receive
    uart.o(i.USART6_IRQHandler) refers to uart.o(i.UART_SendByte) for UART_SendByte
    uart.o(i.USART6_IRQHandler) refers to uart.o(.bss) for USART6_Handler
    pwm.o(i.HAL_TIM_PWM_MspInit) refers to stm32f4xx_hal_gpio.o(i.HAL_GPIO_Init) for HAL_GPIO_Init
    pwm.o(i.HAL_TIM_PWM_MspInit) refers to pwm.o(.bss) for PWM1_Handler
    pwm.o(i.PWM_Init) refers to stm32f4xx_hal_tim.o(i.HAL_TIM_PWM_Init) for HAL_TIM_PWM_Init
    pwm.o(i.PWM_Init) refers to stm32f4xx_hal_tim.o(i.HAL_TIM_PWM_ConfigChannel) for HAL_TIM_PWM_ConfigChannel
    pwm.o(i.PWM_Init) refers to stm32f4xx_hal_tim.o(i.HAL_TIM_PWM_Start) for HAL_TIM_PWM_Start
    pwm.o(i.PWM_Init) refers to pwm.o(.bss) for PWM1_Handler
    timer.o(i.HAL_TIM_Base_MspInit) refers to stm32f4xx_hal_cortex.o(i.HAL_NVIC_SetPriority) for HAL_NVIC_SetPriority
    timer.o(i.HAL_TIM_Base_MspInit) refers to stm32f4xx_hal_cortex.o(i.HAL_NVIC_EnableIRQ) for HAL_NVIC_EnableIRQ
    timer.o(i.HAL_TIM_PeriodElapsedCallback) refers to timer.o(.bss) for TIM2_Handler
    timer.o(i.HAL_TIM_PeriodElapsedCallback) refers to timer.o(.data) for time
[...]
    i.__scatterload_null                     0x0800513a   Section        2  handlers.o(i.__scatterload_null)
    i.__scatterload_zeroinit                 0x0800513c   Section       14  handlers.o(i.__scatterload_zeroinit)
    i._fp_digits                             0x0800514c   Section        0  printfa.o(i._fp_digits)
    _fp_digits                               0x0800514d   Thumb Code   366  printfa.o(i._fp_digits)
    i._printf_core                           0x080052d0   Section        0  printfa.o(i._printf_core)
    _printf_core                             0x080052d1   Thumb Code  1744  printfa.o(i._printf_core)
    i._printf_post_padding                   0x080059ac   Section        0  printfa.o(i._printf_post_padding)
    _printf_post_padding                     0x080059ad   Thumb Code    36  printfa.o(i._printf_post_padding)
    i._printf_pre_padding                    0x080059d0   Section        0  printfa.o(i._printf_pre_padding)
    _printf_pre_padding                      0x080059d1   Thumb Code    46  printfa.o(i._printf_pre_padding)
    i._sputc                                 0x080059fe   Section        0  printfa.o(i._sputc)
    _sputc                                   0x080059ff   Thumb Code    10  printfa.o(i._sputc)
    i.abs_limit                              0x08005a08   Section        0  pid.o(i.abs_limit)
    i.check_fs                               0x08005a38   Section        0  ff.o(i.check_fs)
    check_fs                                 0x08005a39   Thumb Code   140  ff.o(i.check_fs)
    i.chk_chr                                0x08005ac8   Section        0  ff.o(i.chk_chr)
    chk_chr                                  0x08005ac9   Thumb Code    20  ff.o(i.chk_chr)
    i.clmt_clust                             0x08005adc   Section        0  ff.o(i.clmt_clust)
    clmt_clust                               0x08005add   Thumb Code    50  ff.o(i.clmt_clust)
    i.clust2sect                             0x08005b0e   Section        0  ff.o(i.clust2sect)
    i.cmp_lfn                                0x08005b28   Section        0  ff.o(i.cmp_lfn)
    cmp_lfn                                  0x08005b29   Thumb Code   138  ff.o(i.cmp_lfn)
    i.create_chain                           0x08005bb8   Section        0  ff.o(i.create_chain)
    create_chain                             0x08005bb9   Thumb Code   214  ff.o(i.create_chain)
    i.create_name                            0x08005c90   Section        0  ff.o(i.create_name)
    create_name                              0x08005c91   Thumb Code   708  ff.o(i.create_name)
    i.delay_init                             0x08005f68   Section        0  delay.o(i.delay_init)
    i.dir_alloc                              0x08005f7c   Section        0  ff.o(i.dir_alloc)
    dir_alloc                                0x08005f7d   Thumb Code    92  ff.o(i.dir_alloc)
    i.dir_find                               0x08005fd8   Section        0  ff.o(i.dir_find)
    dir_find                                 0x08005fd9   Thumb Code   234  ff.o(i.dir_find)
    i.dir_next                               0x080060c2   Section        0  ff.o(i.dir_next)
    dir_next                                 0x080060c3   Thumb Code   272  ff.o(i.dir_next)
    i.dir_register                           0x080061d2   Section        0  ff.o(i.dir_register)
    dir_register                             0x080061d3   Thumb Code   310  ff.o(i.dir_register)
    i.dir_sdi                                0x08006308   Section        0  ff.o(i.dir_sdi)
    i.disk_initialize                        0x080063a6   Section        0  diskio.o(i.disk_initialize)
    i.disk_ioctl                             0x080063c8   Section        0  diskio.o(i.disk_ioctl)
    i.disk_read                              0x08006434   Section        0  diskio.o(i.disk_read)
    i.disk_status                            0x0800648a   Section        0  diskio.o(i.disk_status)
    i.disk_write                             0x08006490   Section        0  diskio.o(i.disk_write)
    i.exfuns_init                            0x080064e8   Section        0  exfuns.o(i.exfuns_init)
    i.f_chdir                                0x0800656c   Section        0  ff.o(i.f_chdir)
    i.f_close                                0x080065d8   Section        0  ff.o(i.f_close)
    i.f_closedir                             0x080065fc   Section        0  ff.o(i.f_closedir)
    i.f_lseek                                0x08006612   Section        0  ff.o(i.f_lseek)
    i.f_mkdir                                0x080068a0   Section        0  ff.o(i.f_mkdir)
    i.f_mknewdir                             0x08006a2c   Section        0  exfuns.o(i.f_mknewdir)
    i.f_mount                                0x08006a88   Section        0  ff.o(i.f_mount)
    i.f_open                                 0x08006ae4   Section        0  ff.o(i.f_open)
    i.f_opendir                              0x08006c64   Section        0  ff.o(i.f_opendir)
    i.f_printf                               0x08006cec   Section        0  ff.o(i.f_printf)
    i.f_record                               0x08006f60   Section        0  exfuns.o(i.f_record)
    i.f_record_init                          0x08006fd8   Section        0  exfuns.o(i.f_record_init)
    i.f_stat                                 0x08007024   Section        0  ff.o(i.f_stat)
    i.f_sync                                 0x08007078   Section        0  ff.o(i.f_sync)
    i.f_timestamp                            0x08007128   Section        0  exfuns.o(i.f_timestamp)
    i.f_utime                                0x08007170   Section        0  ff.o(i.f_utime)
    i.f_write                                0x080071ec   Section        0  ff.o(i.f_write)
    i.ff_convert                             0x080073d8   Section        0  cc936.o(i.ff_convert)
    i.ff_memalloc                            0x08007454   Section        0  diskio.o(i.ff_memalloc)
    i.ff_memfree                             0x08007462   Section        0  diskio.o(i.ff_memfree)
    i.ff_wtoupper                            0x08007470   Section        0  cc936.o(i.ff_wtoupper)
    i.find_volume                            0x080074a8   Section        0  ff.o(i.find_volume)
    find_volume                              0x080074a9   Thumb Code   890  ff.o(i.find_volume)
    i.fit_lfn                                0x08007834   Section        0  ff.o(i.fit_lfn)
    fit_lfn                                  0x08007835   Thumb Code   122  ff.o(i.fit_lfn)
    i.follow_path                            0x080078b4   Section        0  ff.o(i.follow_path)
    follow_path                              0x080078b5   Thumb Code   174  ff.o(i.follow_path)
    i.gen_numname                            0x08007964   Section        0  ff.o(i.gen_numname)
    gen_numname                              0x08007965   Thumb Code   194  ff.o(i.gen_numname)
    i.get_fat                                0x08007a2c   Section        0  ff.o(i.get_fat)
    i.get_fattime                            0x08007b14   Section        0  diskio.o(i.get_fattime)
    i.get_fileinfo                           0x08007b18   Section        0  ff.o(i.get_fileinfo)
    get_fileinfo                             0x08007b19   Thumb Code   268  ff.o(i.get_fileinfo)
    i.get_ldnumber                           0x08007c24   Section        0  ff.o(i.get_ldnumber)
    get_ldnumber                             0x08007c25   Thumb Code    72  ff.o(i.get_ldnumber)
    i.get_moto_chassis                       0x08007c6c   Section        0  pid.o(i.get_moto_chassis)
    i.get_total_angle                        0x08007d00   Section        0  pid.o(i.get_total_angle)
    i.ld_clust                               0x08007d5e   Section        0  ff.o(i.ld_clust)
    ld_clust                                 0x08007d5f   Thumb Code    32  ff.o(i.ld_clust)
    i.main                                   0x08007d80   Section        0  main.o(i.main)
    i.mem_cmp                                0x08007e3c   Section        0  ff.o(i.mem_cmp)
    mem_cmp                                  0x08007e3d   Thumb Code    38  ff.o(i.mem_cmp)
    i.mem_cpy                                0x08007e62   Section        0  ff.o(i.mem_cpy)
    mem_cpy                                  0x08007e63   Thumb Code    26  ff.o(i.mem_cpy)
    i.mem_set                                0x08007e7c   Section        0  ff.o(i.mem_set)
    mem_set                                  0x08007e7d   Thumb Code    20  ff.o(i.mem_set)
    i.move_window                            0x08007e90   Section        0  ff.o(i.move_window)
    move_window                              0x08007e91   Thumb Code    50  ff.o(i.move_window)
    i.my_mem_free                            0x08007ec4   Section        0  malloc.o(i.my_mem_free)
    i.my_mem_init                            0x08007f30   Section        0  malloc.o(i.my_mem_init)
    i.my_mem_malloc                          0x08007f5c   Section        0  malloc.o(i.my_mem_malloc)
    i.my_mem_perused                         0x08008004   Section        0  malloc.o(i.my_mem_perused)
    i.myfree                                 0x08008044   Section        0  malloc.o(i.myfree)
    i.mymalloc                               0x08008068   Section        0  malloc.o(i.mymalloc)
    i.mymemset                               0x08008090   Section        0  malloc.o(i.mymemset)
    i.pid_param_init                         0x080080a4   Section        0  pid.o(i.pid_param_init)
    pid_param_init                           0x080080a5   Thumb Code    20  pid.o(i.pid_param_init)
    i.put_fat                                0x080080b8   Section        0  ff.o(i.put_fat)
    i.putc_bfd                               0x080081ee   Section        0  ff.o(i.putc_bfd)
    putc_bfd                                 0x080081ef   Thumb Code    68  ff.o(i.putc_bfd)
    i.remove_chain                           0x08008232   Section        0  ff.o(i.remove_chain)
    remove_chain                             0x08008233   Thumb Code   108  ff.o(i.remove_chain)
    i.set_moto_current                       0x080082a0   Section        0  pid.o(i.set_moto_current)
    i.st_clust                               0x080082d8   Section        0  ff.o(i.st_clust)
    st_clust                                 0x080082d9   Thumb Code    16  ff.o(i.st_clust)
    i.sum_sfn                                0x080082e8   Section        0  ff.o(i.sum_sfn)
    sum_sfn                                  0x080082e9   Thumb Code    32  ff.o(i.sum_sfn)
    i.sync_fs                                0x08008308   Section        0  ff.o(i.sync_fs)
    sync_fs                                  0x08008309   Thumb Code   200  ff.o(i.sync_fs)
    i.sync_window                            0x080083d0   Section        0  ff.o(i.sync_window)
    sync_window                              0x080083d1   Thumb Code    76  ff.o(i.sync_window)
    i.validate                               0x0800841c   Section        0  ff.o(i.validate)
    validate                                 0x0800841d   Thumb Code    54  ff.o(i.validate)
    .constdata                               0x08008454   Section       30  main.o(.constdata)
    .constdata                               0x08008474   Section       24  malloc.o(.constdata)
    .constdata                               0x0800848c   Section       58  ff.o(.constdata)
    LfnOfs                                   0x0800848c   Data          13  ff.o(.constdata)
    vst                                      0x0800849a   Data          22  ff.o(.constdata)
    cst                                      0x080084b0   Data          22  ff.o(.constdata)
    .constdata                               0x080084c6   Section    175304  cc936.o(.constdata)
    uni2oem                                  0x080084c6   Data       87172  cc936.o(.constdata)
    oem2uni                                  0x0801d94a   Data       87172  cc936.o(.constdata)
    tbl_lower                                0x08032dce   Data         480  cc936.o(.constdata)
    tbl_upper                                0x08032fae   Data         480  cc936.o(.constdata)
    .constdata                               0x0803318e   Section       16  stm32f4xx_hal_rcc.o(.constdata)
    .ARM.__AT_0x10000000                     0x10000000   Section    61440  malloc.o(.ARM.__AT_0x10000000)
    .ARM.__AT_0x1000F000                     0x1000f000   Section     7680  malloc.o(.ARM.__AT_0x1000F000)
    .data                                    0x20000000   Section       20  system_stm32f4xx.o(.data)
    .data                                    0x20000018   Section        8  timer.o(.data)
    .data                                    0x20000020   Section       28  malloc.o(.data)
    .data                                    0x2000003c   Section       44  pid.o(.data)
    .data                                    0x20000068   Section     2524  can_database.o(.data)
    .data                                    0x20000a44   Section        3  command.o(.data)
    .data                                    0x20000a48   Section        6  ff.o(.data)
    FatFs                                    0x20000a48   Data           4  ff.o(.data)
    Fsid                                     0x20000a4c   Data           2  ff.o(.data)
    .data                                    0x20000a50   Section       24  exfuns.o(.data)
    .data                                    0x20000a68   Section        4  stm32f4xx_hal.o(.data)
    uwTick                                   0x20000a68   Data           4  stm32f4xx_hal.o(.data)
    .data                                    0x20000a6c   Section        4  delay.o(.data)
    fac_us                                   0x20000a6c   Data           4  delay.o(.data)
    .bss                                     0x20000a70   Section      256  uart.o(.bss)
    .bss                                     0x20000b70   Section       60  timer.o(.bss)
    .bss                                     0x20000bac   Section      256  can.o(.bss)
    .bss                                     0x20000cb0   Section      872  sdio_sdcard.o(.bss)
    .bss                                     0x20001020   Section    115200  malloc.o(.bss)
    .bss                                     0x2001d220   Section     1136  pid.o(.bss)
    .bss                                     0x2001d690   Section       16  can_database.o(.bss)
    .bss                                     0x2001d6a0   Section     1104  command.o(.bss)
    .bss                                     0x2001daf0   Section       68  exfuns.o(.bss)
    STACK                                    0x2001db38   Section     1024  startup_stm32f407xx.o(STACK)

    Global Symbols

    Symbol Name                              Value     Ov Type        Size  Object(Section)

    BuildAttributes$$THM_ISAv4$E$P$D$K$B$S$7EM$VFPi3$EXTD16$VFPS$VFMA$PE$A:L22UL41UL21$X:L11$S22US41US21$IEEE1$IW$USESV6$~STKCKD$USESV7$~SHL$OTIME$ROPI$EBA8$MICROLIB$REQ8$PRES8$EABIv2 0x00000000   Number         0  anon$$obj.o ABSOLUTE
    __ARM_use_no_argv                        0x00000000   Number         0  main.o ABSOLUTE
    _printf_a                                0x00000000   Number         0  stubs.o ABSOLUTE
    _printf_c                                0x00000000   Number         0  stubs.o ABSOLUTE
    _printf_charcount                        0x00000000   Number         0  stubs.o ABSOLUTE
    _printf_d                                0x00000000   Number         0  stubs.o ABSOLUTE
    _printf_e                                0x00000000   Number         0  stubs.o ABSOLUTE
    _printf_f                                0x00000000   Number         0  stubs.o ABSOLUTE
    _printf_flags                            0x00000000   Number         0  stubs.o ABSOLUTE
    _printf_fp_dec                           0x00000000   Number         0  stubs.o ABSOLUTE
    _printf_fp_hex                           0x00000000   Number         0  stubs.o ABSOLUTE
    _printf_g                                0x00000000   Number         0  stubs.o ABSOLUTE
    _printf_i                                0x00000000   Number         0  stubs.o ABSOLUTE
    _printf_int_dec                          0x00000000   Number         0  stubs.o ABSOLUTE
    _printf_l                                0x00000000   Number         0  stubs.o ABSOLUTE
    _printf_lc                               0x00000000   Number         0  stubs.o ABSOLUTE
    _printf_ll                               0x00000000   Number         0  stubs.o ABSOLUTE
    _printf_lld                              0x00000000   Number         0  stubs.o ABSOLUTE
    _printf_lli                              0x00000000   Number         0  stubs.o ABSOLUTE
    _printf_llo                              0x00000000   Number         0  stubs.o ABSOLUTE
    _printf_llu                              0x00000000   Number         0  stubs.o ABSOLUTE
    _printf_llx                              0x00000000   Number         0  stubs.o ABSOLUTE
    _printf_longlong_dec                     0x00000000   Number         0  stubs.o ABSOLUTE
    _printf_longlong_hex                     0x00000000   Number         0  stubs.o ABSOLUTE
    _printf_longlong_oct                     0x00000000   Number         0  stubs.o ABSOLUTE
    _printf_ls                               0x00000000   Number         0  stubs.o ABSOLUTE
    _printf_mbtowc                           0x00000000   Number         0  stubs.o ABSOLUTE
    _printf_n                                0x00000000   Number         0  stubs.o ABSOLUTE
    _printf_o                                0x00000000   Number         0  stubs.o ABSOLUTE
    _printf_p                                0x00000000   Number         0  stubs.o ABSOLUTE
    _printf_percent                          0x00000000   Number         0  stubs.o ABSOLUTE
    _printf_pre_padding                      0x00000000   Number         0  stubs.o ABSOLUTE
    _printf_return_value                     0x00000000   Number         0  stubs.o ABSOLUTE
    _printf_s                                0x00000000   Number         0  stubs.o ABSOLUTE
    _printf_sizespec                         0x00000000   Number         0  stubs.o ABSOLUTE
    _printf_str                              0x00000000   Number         0  stubs.o ABSOLUTE
    _printf_truncate_signed                  0x00000000   Number         0  stubs.o ABSOLUTE
    _printf_truncate_unsigned                0x00000000   Number         0  stubs.o ABSOLUTE
    _printf_u                                0x00000000   Number         0  stubs.o ABSOLUTE
    _printf_wc                               0x00000000   Number         0  stubs.o ABSOLUTE
    _printf_wctomb                           0x00000000   Number         0  stubs.o ABSOLUTE
    _printf_widthprec                        0x00000000   Number         0  stubs.o ABSOLUTE
    _printf_x                                0x00000000   Number         0  stubs.o ABSOLUTE
    __cpp_initialize__aeabi_                  - Undefined Weak Reference
    __cxa_finalize                            - Undefined Weak Reference
    _clock_init                               - Undefined Weak Reference
    _microlib_exit                            - Undefined Weak Reference
    __Vectors_Size                           0x00000188   Number         0  startup_stm32f407xx.o ABSOLUTE
    __Vectors                                0x08000000   Data           4  startup_stm32f407xx.o(RESET)
    __Vectors_End                            0x08000188   Data           0  startup_stm32f407xx.o(RESET)
    __main                                   0x08000189   Thumb Code     0  entry.o(.ARM.Collect$$$$00000000)
    _main_stk                                0x08000189   Thumb Code     0  entry2.o(.ARM.Collect$$$$00000001)
    _main_scatterload                        0x0800018d   Thumb Code     0  entry5.o(.ARM.Collect$$$$00000004)
    __main_after_scatterload                 0x08000191   Thumb Code     0  entry5.o(.ARM.Collect$$$$00000004)
    _main_clock                              0x08000191   Thumb Code     0  entry7b.o(.ARM.Collect$$$$00000008)
    _main_cpp_init                           0x08000191   Thumb Code     0  entry8b.o(.ARM.Collect$$$$0000000A)
    _main_init                               0x08000191   Thumb Code     0  entry9a.o(.ARM.Collect$$$$0000000B)
    __rt_final_cpp                           0x08000199   Thumb Code     0  entry10a.o(.ARM.Collect$$$$0000000D)
    __rt_final_exit                          0x08000199   Thumb Code     0  entry11a.o(.ARM.Collect$$$$0000000F)
    WFI_SET                                  0x0800019d   Thumb Code     2  sys.o(.emb_text)
    INTX_DISABLE                             0x0800019f   Thumb Code     4  sys.o(.emb_text)
    INTX_ENABLE                              0x080001a3   Thumb Code     4  sys.o(.emb_text)
    MSR_MSP                                  0x080001a7   Thumb Code     6  sys.o(.emb_text)
    Reset_Handler                            0x080001ad   Thumb Code     8  startup_stm32f407xx.o(.text)
    ADC_IRQHandler                           0x080001c7   Thumb Code     0  startup_stm32f407xx.o(.text)
    CAN1_SCE_IRQHandler                      0x080001c7   Thumb Code     0  startup_stm32f407xx.o(.text)
    CAN1_TX_IRQHandler                       0x080001c7   Thumb Code     0  startup_stm32f407xx.o(.text)
    CAN2_SCE_IRQHandler                      0x080001c7   Thumb Code     0  startup_stm32f407xx.o(.text)
    CAN2_TX_IRQHandler                       0x080001c7   Thumb Code     0  startup_stm32f407xx.o(.text)
    DCMI_IRQHandler                          0x080001c7   Thumb Code     0  startup_stm32f407xx.o(.text)
    DMA1_Stream0_IRQHandler                  0x080001c7   Thumb Code     0  startup_stm32f407xx.o(.text)
    DMA1_Stream1_IRQHandler                  0x080001c7   Thumb Code     0  startup_stm32f407xx.o(.text)
    DMA1_Stream2_IRQHandler                  0x080001c7   Thumb Code     0  startup_stm32f407xx.o(.text)
    DMA1_Stream3_IRQHandler                  0x080001c7   Thumb Code     0  startup_stm32f407xx.o(.text)
    DMA1_Stream4_IRQHandler                  0x080001c7   Thumb Code     0  startup_stm32f407xx.o(.text)
    DMA1_Stream5_IRQHandler                  0x080001c7   Thumb Code     0  startup_stm32f407xx.o(.text)
    DMA1_Stream6_IRQHandler                  0x080001c7   Thumb Code     0  startup_stm32f407xx.o(.text)
    DMA1_Stream7_IRQHandler                  0x080001c7   Thumb Code     0  startup_stm32f407xx.o(.text)
    DMA2_Stream0_IRQHandler                  0x080001c7   Thumb Code     0  startup_stm32f407xx.o(.text)
    DMA2_Stream1_IRQHandler                  0x080001c7   Thumb Code     0  startup_stm32f407xx.o(.text)
    DMA2_Stream2_IRQHandler                  0x080001c7   Thumb Code     0  startup_stm32f407xx.o(.text)
    DMA2_Stream3_IRQHandler                  0x080001c7   Thumb Code     0  startup_stm32f407xx.o(.text)
    DMA2_Stream4_IRQHandler                  0x080001c7   Thumb Code     0  startup_stm32f407xx.o(.text)
    DMA2_Stream5_IRQHandler                  0x080001c7   Thumb Code     0  startup_stm32f407xx.o(.text)
    DMA2_Stream6_IRQHandler                  0x080001c7   Thumb Code     0  startup_stm32f407xx.o(.text)
    DMA2_Stream7_IRQHandler                  0x080001c7   Thumb Code     0  startup_stm32f407xx.o(.text)
    ETH_IRQHandler                           0x080001c7   Thumb Code     0  startup_stm32f407xx.o(.text)
    ETH_WKUP_IRQHandler                      0x080001c7   Thumb Code     0  startup_stm32f407xx.o(.text)
    EXTI0_IRQHandler                         0x080001c7   Thumb Code     0  startup_stm32f407xx.o(.text)
    EXTI1_IRQHandler                         0x080001c7   Thumb Code     0  startup_stm32f407xx.o(.text)
    EXTI2_IRQHandler                         0x080001c7   Thumb Code     0  startup_stm32f407xx.o(.text)
    EXTI3_IRQHandler                         0x080001c7   Thumb Code     0  startup_stm32f407xx.o(.text)
    EXTI4_IRQHandler                         0x080001c7   Thumb Code     0  startup_stm32f407xx.o(.text)
    EXTI9_5_IRQHandler                       0x080001c7   Thumb Code     0  startup_stm32f407xx.o(.text)
    FLASH_IRQHandler                         0x080001c7   Thumb Code     0  startup_stm32f407xx.o(.text)
    FMC_IRQHandler                           0x080001c7   Thumb Code     0  startup_stm32f407xx.o(.text)
    FPU_IRQHandler                           0x080001c7   Thumb Code     0  startup_stm32f407xx.o(.text)
    HASH_RNG_IRQHandler                      0x080001c7   Thumb Code     0  startup_stm32f407xx.o(.text)
    I2C1_ER_IRQHandler                       0x080001c7   Thumb Code     0  startup_stm32f407xx.o(.text)
    I2C1_EV_IRQHandler                       0x080001c7   Thumb Code     0  startup_stm32f407xx.o(.text)
    I2C2_ER_IRQHandler                       0x080001c7   Thumb Code     0  startup_stm32f407xx.o(.text)
    I2C2_EV_IRQHandler                       0x080001c7   Thumb Code     0  startup_stm32f407xx.o(.text)
    I2C3_ER_IRQHandler                       0x080001c7   Thumb Code     0  startup_stm32f407xx.o(.text)
    I2C3_EV_IRQHandler                       0x080001c7   Thumb Code     0  startup_stm32f407xx.o(.text)
    OTG_FS_IRQHandler                        0x080001c7   Thumb Code     0  startup_stm32f407xx.o(.text)
    OTG_FS_WKUP_IRQHandler                   0x080001c7   Thumb Code     0  startup_stm32f407xx.o(.text)
    OTG_HS_EP1_IN_IRQHandler                 0x080001c7   Thumb Code     0  startup_stm32f407xx.o(.text)
    OTG_HS_EP1_OUT_IRQHandler                0x080001c7   Thumb Code     0  startup_stm32f407xx.o(.text)
    OTG_HS_IRQHandler                        0x080001c7   Thumb Code     0  startup_stm32f407xx.o(.text)
    OTG_HS_WKUP_IRQHandler                   0x080001c7   Thumb Code     0  startup_stm32f407xx.o(.text)
    PVD_IRQHandler                           0x080001c7   Thumb Code     0  startup_stm32f407xx.o(.text)
    RCC_IRQHandler                           0x080001c7   Thumb Code     0  startup_stm32f407xx.o(.text)
    RTC_Alarm_IRQHandler                     0x080001c7   Thumb Code     0  startup_stm32f407xx.o(.text)
    RTC_WKUP_IRQHandler                      0x080001c7   Thumb Code     0  startup_stm32f407xx.o(.text)
    SDIO_IRQHandler                          0x080001c7   Thumb Code     0  startup_stm32f407xx.o(.text)
    SPI1_IRQHandler                          0x080001c7   Thumb Code     0  startup_stm32f407xx.o(.text)
    SPI2_IRQHandler                          0x080001c7   Thumb Code     0  startup_stm32f407xx.o(.text)
    SPI3_IRQHandler                          0x080001c7   Thumb Code     0  startup_stm32f407xx.o(.text)
    TAMP_STAMP_IRQHandler                    0x080001c7   Thumb Code     0  startup_stm32f407xx.o(.text)
    TIM1_BRK_TIM9_IRQHandler                 0x080001c7   Thumb Code     0  startup_stm32f407xx.o(.text)
    TIM1_CC_IRQHandler                       0x080001c7   Thumb Code     0  startup_stm32f407xx.o(.text)
    TIM1_TRG_COM_TIM11_IRQHandler            0x080001c7   Thumb Code     0  startup_stm32f407xx.o(.text)
    TIM1_UP_TIM10_IRQHandler                 0x080001c7   Thumb Code     0  startup_stm32f407xx.o(.text)
    TIM3_IRQHandler                          0x080001c7   Thumb Code     0  startup_stm32f407xx.o(.text)
    TIM4_IRQHandler                          0x080001c7   Thumb Code     0  startup_stm32f407xx.o(.text)
    TIM5_IRQHandler                          0x080001c7   Thumb Code     0  startup_stm32f407xx.o(.text)
    TIM6_DAC_IRQHandler                      0x080001c7   Thumb Code     0  startup_stm32f407xx.o(.text)
    TIM7_IRQHandler                          0x080001c7   Thumb Code     0  startup_stm32f407xx.o(.text)
    TIM8_BRK_TIM12_IRQHandler                0x080001c7   Thumb Code     0  startup_stm32f407xx.o(.text)
    TIM8_CC_IRQHandler                       0x080001c7   Thumb Code     0  startup_stm32f407xx.o(.text)
    TIM8_TRG_COM_TIM14_IRQHandler            0x080001c7   Thumb Code     0  startup_stm32f407xx.o(.text)
    TIM8_UP_TIM13_IRQHandler                 0x080001c7   Thumb Code     0  startup_stm32f407xx.o(.text)
    UART5_IRQHandler                         0x080001c7   Thumb Code     0  startup_stm32f407xx.o(.text)
    USART1_IRQHandler                        0x080001c7   Thumb Code     0  startup_stm32f407xx.o(.text)
    WWDG_IRQHandler                          0x080001c7   Thumb Code     0  startup_stm32f407xx.o(.text)
    __aeabi_uldivmod                         0x080001d1   Thumb Code    98  uldiv.o(.text)
    __aeabi_memcpy                           0x08000233   Thumb Code    36  memcpya.o(.text)
    __aeabi_memcpy4                          0x08000233   Thumb Code     0  memcpya.o(.text)
    __aeabi_memcpy8                          0x08000233   Thumb Code     0  memcpya.o(.text)
    __aeabi_memset                           0x08000257   Thumb Code    14  memseta.o(.text)
    __aeabi_memset4                          0x08000257   Thumb Code     0  memseta.o(.text)
    __aeabi_memset8                          0x08000257   Thumb Code     0  memseta.o(.text)
    __aeabi_memclr                           0x08000265   Thumb Code     4  memseta.o(.text)
    __aeabi_memclr4                          0x08000265   Thumb Code     0  memseta.o(.text)
    __aeabi_memclr8                          0x08000265   Thumb Code     0  memseta.o(.text)
    _memset$wrapper                          0x08000269   Thumb Code    18  memseta.o(.text)
    strcat                                   0x0800027b   Thumb Code    24  strcat.o(.text)
    strcpy                                   0x08000293   Thumb Code    18  strcpy.o(.text)
    __aeabi_l2f                              0x080002a5   Thumb Code    44  ffltl.o(.text)
    __aeabi_f2d                              0x080002d1   Thumb Code    38  f2d.o(.text)
    __aeabi_uidiv                            0x080002f7   Thumb Code     0  uidiv.o(.text)
    __aeabi_uidivmod                         0x080002f7   Thumb Code    44  uidiv.o(.text)
    __aeabi_llsl                             0x08000323   Thumb Code    30  llshl.o(.text)
    _ll_shift_l                              0x08000323   Thumb Code     0  llshl.o(.text)
    __aeabi_llsr                             0x08000341   Thumb Code    32  llushr.o(.text)
    _ll_ushift_r                             0x08000341   Thumb Code     0  llushr.o(.text)
    __I$use$fp                               0x08000361   Thumb Code     0  iusefp.o(.text)
    _float_round                             0x08000361   Thumb Code    18  fepilogue.o(.text)
    _float_epilogue                          0x08000373   Thumb Code    92  fepilogue.o(.text)
    __aeabi_dadd                             0x080003cf   Thumb Code   322  dadd.o(.text)
    __aeabi_dsub                             0x08000511   Thumb Code     6  dadd.o(.text)
    __aeabi_drsub                            0x08000517   Thumb Code     6  dadd.o(.text)
    __aeabi_dmul                             0x0800051d   Thumb Code   228  dmul.o(.text)
    __aeabi_ddiv                             0x08000601   Thumb Code   222  ddiv.o(.text)
    __aeabi_d2ulz                            0x080006df   Thumb Code    48  dfixul.o(.text)
    __aeabi_cdrcmple                         0x08000711   Thumb Code    48  cdrcmple.o(.text)
    __scatterload                            0x08000741   Thumb Code    28  init.o(.text)
    __scatterload_rt2                        0x08000741   Thumb Code     0  init.o(.text)
    __aeabi_lasr                             0x08000765   Thumb Code    36  llsshr.o(.text)
    _ll_sshift_r                             0x08000765   Thumb Code     0  llsshr.o(.text)
    _double_round                            0x08000789   Thumb Code    30  depilogue.o(.text)
    _double_epilogue                         0x080007a7   Thumb Code   156  depilogue.o(.text)
    __decompress                             0x08000843   Thumb Code     0  __dczerorl2.o(.text)
    __decompress1                            0x08000843   Thumb Code    86  __dczerorl2.o(.text)
    BusFault_Handler                         0x08000899   Thumb Code     4  stm32f4xx_it.o(i.BusFault_Handler)
    CAN1_RX0_IRQHandler                      0x0800089d   Thumb Code   204  can.o(i.CAN1_RX0_IRQHandler)
    CAN1_RX1_IRQHandler                      0x0800097d   Thumb Code   206  can.o(i.CAN1_RX1_IRQHandler)
    CAN2_RX0_IRQHandler                      0x08000a61   Thumb Code   204  can.o(i.CAN2_RX0_IRQHandler)
    CAN2_RX1_IRQHandler                      0x08000b41   Thumb Code   206  can.o(i.CAN2_RX1_IRQHandler)
    CAN_Mode_Init                            0x08000c25   Thumb Code  1088  can.o(i.CAN_Mode_Init)
    COVER_Handler                            0x08001065   Thumb Code    66  command.o(i.COVER_Handler)
    Can_SendData                             0x080010ed   Thumb Code    14  can.o(i.Can_SendData)
    DebugMon_Handler                         0x080010fb   Thumb Code     2  stm32f4xx_it.o(i.DebugMon_Handler)
    EXTI15_10_IRQHandler                     0x080010fd   Thumb Code    12  io.o(i.EXTI15_10_IRQHandler)
    GRAB_Handler                             0x08001109   Thumb Code    84  command.o(i.GRAB_Handler)
    HAL_CAN_ConfigFilter                     0x080011a9   Thumb Code   294  stm32f4xx_hal_can.o(i.HAL_CAN_ConfigFilter)
    HAL_CAN_Init                             0x080012d5   Thumb Code   448  stm32f4xx_hal_can.o(i.HAL_CAN_Init)
    HAL_CAN_MspInit                          0x08001495   Thumb Code   442  can.o(i.HAL_CAN_MspInit)
    HAL_CAN_Receive                          0x08001661   Thumb Code   464  stm32f4xx_hal_can.o(i.HAL_CAN_Receive)
    HAL_CAN_Transmit                         0x08001831   Thumb Code   594  stm32f4xx_hal_can.o(i.HAL_CAN_Transmit)
    HAL_Delay                                0x08001a91   Thumb Code    26  stm32f4xx_hal.o(i.HAL_Delay)
    HAL_GPIO_EXTI_Callback                   0x08001aad   Thumb Code    26  io.o(i.HAL_GPIO_EXTI_Callback)
    HAL_GPIO_EXTI_IRQHandler                 0x08001ad1   Thumb Code    24  stm32f4xx_hal_gpio.o(i.HAL_GPIO_EXTI_IRQHandler)
    HAL_GPIO_Init                            0x08001aed   Thumb Code   476  stm32f4xx_hal_gpio.o(i.HAL_GPIO_Init)
    HAL_GetTick                              0x08001cf9   Thumb Code     6  stm32f4xx_hal.o(i.HAL_GetTick)
    HAL_IncTick                              0x08001d05   Thumb Code    12  stm32f4xx_hal.o(i.HAL_IncTick)
    HAL_Init                                 0x08001d15   Thumb Code    54  stm32f4xx_hal.o(i.HAL_Init)
    HAL_InitTick                             0x08001d51   Thumb Code    36  stm32f4xx_hal.o(i.HAL_InitTick)
    HAL_MspInit                              0x08001d75   Thumb Code     2  stm32f4xx_hal_msp.o(i.HAL_MspInit)
    HAL_NVIC_EnableIRQ                       0x08001d77   Thumb Code    26  stm32f4xx_hal_cortex.o(i.HAL_NVIC_EnableIRQ)
    HAL_NVIC_SetPriority                     0x08001d91   Thumb Code   124  stm32f4xx_hal_cortex.o(i.HAL_NVIC_SetPriority)
    HAL_NVIC_SetPriorityGrouping             0x08001e0d   Thumb Code    32  stm32f4xx_hal_cortex.o(i.HAL_NVIC_SetPriorityGrouping)
    HAL_RCC_ClockConfig                      0x08001e35   Thumb Code   680  stm32f4xx_hal_rcc.o(i.HAL_RCC_ClockConfig)
    HAL_RCC_GetHCLKFreq                      0x080020e5   Thumb Code    42  stm32f4xx_hal_rcc.o(i.HAL_RCC_GetHCLKFreq)
    HAL_RCC_GetSysClockFreq                  0x0800211d   Thumb Code   168  stm32f4xx_hal_rcc.o(i.HAL_RCC_GetSysClockFreq)
    HAL_RCC_OscConfig                        0x080021d1   Thumb Code  1032  stm32f4xx_hal_rcc.o(i.HAL_RCC_OscConfig)
    HAL_SD_Get_CardInfo                      0x080025d9   Thumb Code   750  stm32f4xx_hal_sd.o(i.HAL_SD_Get_CardInfo)
    HAL_SD_Init                              0x080028c7   Thumb Code   156  stm32f4xx_hal_sd.o(i.HAL_SD_Init)
    HAL_SD_MspInit                           0x08002965   Thumb Code   180  sdio_sdcard.o(i.HAL_SD_MspInit)
    HAL_SD_ReadBlocks                        0x08002a25   Thumb Code   496  stm32f4xx_hal_sd.o(i.HAL_SD_ReadBlocks)
    HAL_SD_StopTransfer                      0x08002c15   Thumb Code    54  stm32f4xx_hal_sd.o(i.HAL_SD_StopTransfer)
    HAL_SD_WideBusOperation_Config           0x08002c4b   Thumb Code   126  stm32f4xx_hal_sd.o(i.HAL_SD_WideBusOperation_Config)
    HAL_SD_WriteBlocks                       0x08002cc9   Thumb Code   650  stm32f4xx_hal_sd.o(i.HAL_SD_WriteBlocks)
    HAL_SYSTICK_CLKSourceConfig              0x08002f53   Thumb Code    40  stm32f4xx_hal_cortex.o(i.HAL_SYSTICK_CLKSourceConfig)
    HAL_SYSTICK_Config                       0x08002f7b   Thumb Code    52  stm32f4xx_hal_cortex.o(i.HAL_SYSTICK_Config)
    HAL_TIMEx_BreakCallback                  0x08002faf   Thumb Code     2  stm32f4xx_hal_tim_ex.o(i.HAL_TIMEx_BreakCallback)
    HAL_TIMEx_CommutationCallback            0x08002fb1   Thumb Code     2  stm32f4xx_hal_tim_ex.o(i.HAL_TIMEx_CommutationCallback)
    HAL_TIM_Base_Init                        0x08002fb3   Thumb Code    52  stm32f4xx_hal_tim.o(i.HAL_TIM_Base_Init)
    HAL_TIM_Base_MspInit                     0x08002fe9   Thumb Code    62  timer.o(i.HAL_TIM_Base_MspInit)
    HAL_TIM_Base_Start_IT                    0x0800302d   Thumb Code    30  stm32f4xx_hal_tim.o(i.HAL_TIM_Base_Start_IT)
    HAL_TIM_IC_CaptureCallback               0x0800304b   Thumb Code     2  stm32f4xx_hal_tim.o(i.HAL_TIM_IC_CaptureCallback)
    HAL_TIM_IRQHandler                       0x0800304d   Thumb Code   406  stm32f4xx_hal_tim.o(i.HAL_TIM_IRQHandler)
    HAL_TIM_OC_DelayElapsedCallback          0x080031e3   Thumb Code     2  stm32f4xx_hal_tim.o(i.HAL_TIM_OC_DelayElapsedCallback)
    HAL_TIM_PWM_PulseFinishedCallback        0x080031e5   Thumb Code     2  stm32f4xx_hal_tim.o(i.HAL_TIM_PWM_PulseFinishedCallback)
    HAL_TIM_PeriodElapsedCallback            0x080031e9   Thumb Code    28  timer.o(i.HAL_TIM_PeriodElapsedCallback)
    HAL_TIM_TriggerCallback                  0x0800320d   Thumb Code     2  stm32f4xx_hal_tim.o(i.HAL_TIM_TriggerCallback)
    HAL_UART_Receive                         0x0800320f   Thumb Code   248  stm32f4xx_hal_uart.o(i.HAL_UART_Receive)
    HAL_UART_Transmit                        0x08003307   Thumb Code   240  stm32f4xx_hal_uart.o(i.HAL_UART_Transmit)
    HardFault_Handler                        0x080033f7   Thumb Code     4  stm32f4xx_it.o(i.HardFault_Handler)
    Hash_Table_Init                          0x080033fd   Thumb Code    60  can_database.o(i.Hash_Table_Init)
    IO_Init                                  0x08003445   Thumb Code   120  io.o(i.IO_Init)
    MemManage_Handler                        0x080034c9   Thumb Code     4  stm32f4xx_it.o(i.MemManage_Handler)
    NMI_Handler                              0x080034cd   Thumb Code     2  stm32f4xx_it.o(i.NMI_Handler)
    Null                                     0x08003509   Thumb Code     2  can_database.o(i.Null)
    PID_01                                   0x0800350b   Thumb Code    10  pid.o(i.PID_01)
    PID_02                                   0x08003515   Thumb Code    10  pid.o(i.PID_02)
    PID_DJI                                  0x0800351f   Thumb Code   246  pid.o(i.PID_DJI)
    PID_DJI_Handler                          0x08003615   Thumb Code   438  pid.o(i.PID_DJI_Handler)
    PID_Init                                 0x080037e9   Thumb Code   142  pid.o(i.PID_Init)
    PID_struct_init                          0x08003895   Thumb Code    66  pid.o(i.PID_struct_init)
    PendSV_Handler                           0x080038dd   Thumb Code     2  stm32f4xx_it.o(i.PendSV_Handler)
    SDIO_DataConfig                          0x080038df   Thumb Code    44  stm32f4xx_ll_sdmmc.o(i.SDIO_DataConfig)
    SDIO_GetCommandResponse                  0x0800390b   Thumb Code     8  stm32f4xx_ll_sdmmc.o(i.SDIO_GetCommandResponse)
    SDIO_GetPowerState                       0x08003913   Thumb Code    10  stm32f4xx_ll_sdmmc.o(i.SDIO_GetPowerState)
    SDIO_GetResponse                         0x0800391d   Thumb Code    20  stm32f4xx_ll_sdmmc.o(i.SDIO_GetResponse)
    SDIO_Init                                0x08003935   Thumb Code    52  stm32f4xx_ll_sdmmc.o(i.SDIO_Init)
    SDIO_PowerState_ON                       0x08003969   Thumb Code    10  stm32f4xx_ll_sdmmc.o(i.SDIO_PowerState_ON)
    SDIO_ReadFIFO                            0x08003973   Thumb Code     8  stm32f4xx_ll_sdmmc.o(i.SDIO_ReadFIFO)
    SDIO_SendCommand                         0x0800397b   Thumb Code    40  stm32f4xx_ll_sdmmc.o(i.SDIO_SendCommand)
    SDIO_WriteFIFO                           0x080039a3   Thumb Code    12  stm32f4xx_ll_sdmmc.o(i.SDIO_WriteFIFO)
    SD_Init                                  0x08003e61   Thumb Code    62  sdio_sdcard.o(i.SD_Init)
    SD_ReadDisk                              0x080042e1   Thumb Code   136  sdio_sdcard.o(i.SD_ReadDisk)
    SD_WriteDisk                             0x080044d5   Thumb Code   136  sdio_sdcard.o(i.SD_WriteDisk)
    SVC_Handler                              0x08004565   Thumb Code     2  stm32f4xx_it.o(i.SVC_Handler)
    S_CONTINUE_FLAG_ID_record                0x08004569   Thumb Code    60  command.o(i.S_CONTINUE_FLAG_ID_record)
    S_LENGTH_X_ID_record                     0x080045e1   Thumb Code   112  command.o(i.S_LENGTH_X_ID_record)
    S_LENGTH_Y_ID_record                     0x0800468d   Thumb Code    66  command.o(i.S_LENGTH_Y_ID_record)
    S_PASS_FLAG_ID_record                    0x08004705   Thumb Code    60  command.o(i.S_PASS_FLAG_ID_record)
    Stm32_Clock_Init                         0x08004779   Thumb Code   164  sys.o(i.Stm32_Clock_Init)
    SysTick_Handler                          0x08004825   Thumb Code     8  stm32f4xx_it.o(i.SysTick_Handler)
    SystemCoreClockUpdate                    0x0800482d   Thumb Code   170  system_stm32f4xx.o(i.SystemCoreClockUpdate)
    SystemInit                               0x080048ed   Thumb Code    82  system_stm32f4xx.o(i.SystemInit)
    TIM2_IRQHandler                          0x08004951   Thumb Code    10  timer.o(i.TIM2_IRQHandler)
    TIM2_Init                                0x08004961   Thumb Code    38  timer.o(i.TIM2_Init)
    TIM_Base_SetConfig                       0x0800498d   Thumb Code   184  stm32f4xx_hal_tim.o(i.TIM_Base_SetConfig)
    UART4_IRQHandler                         0x08004a71   Thumb Code    44  uart.o(i.UART4_IRQHandler)
    UART_SendByte                            0x08004aa1   Thumb Code    42  uart.o(i.UART_SendByte)
    USART2_IRQHandler                        0x08004bc5   Thumb Code    44  uart.o(i.USART2_IRQHandler)
    USART3_IRQHandler                        0x08004bf5   Thumb Code    44  uart.o(i.USART3_IRQHandler)
    USART6_IRQHandler                        0x08004c25   Thumb Code    44  uart.o(i.USART6_IRQHandler)
    UsageFault_Handler                       0x08004c55   Thumb Code     4  stm32f4xx_it.o(i.UsageFault_Handler)
    W_BRAKE_ID_record                        0x08004c59   Thumb Code    16  command.o(i.W_BRAKE_ID_record)
    W_GAME_PROCESS_ID_record                 0x08004c8d   Thumb Code    82  command.o(i.W_GAME_PROCESS_ID_record)
    W_HANDLE_record                          0x08004d1d   Thumb Code    18  command.o(i.W_HANDLE_record)
    W_IO_TEST_ID_record                      0x08004d55   Thumb Code    18  command.o(i.W_IO_TEST_ID_record)
    W_LENGTH_X_ID_record                     0x08004d91   Thumb Code    60  command.o(i.W_LENGTH_X_ID_record)
    W_LENGTH_Y_ID_record                     0x08004e05   Thumb Code    60  command.o(i.W_LENGTH_Y_ID_record)
    W_MOTOR_TEST_ID_record                   0x08004e79   Thumb Code    18  command.o(i.W_MOTOR_TEST_ID_record)
    W_SET_COVER_ID_record                    0x08004eb9   Thumb Code    18  command.o(i.W_SET_COVER_ID_record)
    W_SET_ESCON_ID_record                    0x08004ef9   Thumb Code    18  command.o(i.W_SET_ESCON_ID_record)
    W_SET_GRAB_ID_record                     0x08004f39   Thumb Code    24  command.o(i.W_SET_GRAB_ID_record)
    Write_Database                           0x08004f89   Thumb Code   314  can_database.o(i.Write_Database)
    __0sprintf                               0x080050e1   Thumb Code    34  printfa.o(i.__0sprintf)
    __1sprintf                               0x080050e1   Thumb Code     0  printfa.o(i.__0sprintf)
    __2sprintf                               0x080050e1   Thumb Code     0  printfa.o(i.__0sprintf)
    __c89sprintf                             0x080050e1   Thumb Code     0  printfa.o(i.__0sprintf)
    sprintf                                  0x080050e1   Thumb Code     0  printfa.o(i.__0sprintf)
    __0vsprintf                              0x08005109   Thumb Code    30  printfa.o(i.__0vsprintf)
    __1vsprintf                              0x08005109   Thumb Code     0  printfa.o(i.__0vsprintf)
    __2vsprintf                              0x08005109   Thumb Code     0  printfa.o(i.__0vsprintf)
    __c89vsprintf                            0x08005109   Thumb Code     0  printfa.o(i.__0vsprintf)
    vsprintf                                 0x08005109   Thumb Code     0  printfa.o(i.__0vsprintf)
    __scatterload_copy                       0x0800512d   Thumb Code    14  handlers.o(i.__scatterload_copy)
    __scatterload_null                       0x0800513b   Thumb Code     2  handlers.o(i.__scatterload_null)
    __scatterload_zeroinit                   0x0800513d   Thumb Code    14  handlers.o(i.__scatterload_zeroinit)
    abs_limit                                0x08005a09   Thumb Code    46  pid.o(i.abs_limit)
    clust2sect                               0x08005b0f   Thumb Code    26  ff.o(i.clust2sect)
    delay_init                               0x08005f69   Thumb Code    16  delay.o(i.delay_init)
    dir_sdi                                  0x08006309   Thumb Code   158  ff.o(i.dir_sdi)
    disk_initialize                          0x080063a7   Thumb Code    32  diskio.o(i.disk_initialize)
    disk_ioctl                               0x080063c9   Thumb Code   102  diskio.o(i.disk_ioctl)
    disk_read                                0x08006435   Thumb Code    86  diskio.o(i.disk_read)
    disk_status                              0x0800648b   Thumb Code     6  diskio.o(i.disk_status)
    disk_write                               0x08006491   Thumb Code    86  diskio.o(i.disk_write)
    exfuns_init                              0x080064e9   Thumb Code   114  exfuns.o(i.exfuns_init)
    f_chdir                                  0x0800656d   Thumb Code   108  ff.o(i.f_chdir)
    f_close                                  0x080065d9   Thumb Code    36  ff.o(i.f_close)
    f_closedir                               0x080065fd   Thumb Code    22  ff.o(i.f_closedir)
    f_lseek                                  0x08006613   Thumb Code   654  ff.o(i.f_lseek)
    f_mkdir                                  0x080068a1   Thumb Code   394  ff.o(i.f_mkdir)
    f_mknewdir                               0x08006a2d   Thumb Code    86  exfuns.o(i.f_mknewdir)
    f_mount                                  0x08006a89   Thumb Code    86  ff.o(i.f_mount)
    f_open                                   0x08006ae5   Thumb Code   384  ff.o(i.f_open)
    f_opendir                                0x08006c65   Thumb Code   136  ff.o(i.f_opendir)
    f_printf                                 0x08006ced   Thumb Code   628  ff.o(i.f_printf)
    f_record                                 0x08006f61   Thumb Code   116  exfuns.o(i.f_record)
    f_record_init                            0x08006fd9   Thumb Code    72  exfuns.o(i.f_record_init)
    f_stat                                   0x08007025   Thumb Code    84  ff.o(i.f_stat)
    f_sync                                   0x08007079   Thumb Code   176  ff.o(i.f_sync)
    f_timestamp                              0x08007129   Thumb Code    72  exfuns.o(i.f_timestamp)
    f_utime                                  0x08007171   Thumb Code   124  ff.o(i.f_utime)
    f_write                                  0x080071ed   Thumb Code   490  ff.o(i.f_write)
    ff_convert                               0x080073d9   Thumb Code   116  cc936.o(i.ff_convert)
    ff_memalloc                              0x08007455   Thumb Code    14  diskio.o(i.ff_memalloc)
    ff_memfree                               0x08007463   Thumb Code    14  diskio.o(i.ff_memfree)
    ff_wtoupper                              0x08007471   Thumb Code    46  cc936.o(i.ff_wtoupper)
    get_fat                                  0x08007a2d   Thumb Code   232  ff.o(i.get_fat)
    get_fattime                              0x08007b15   Thumb Code     4  diskio.o(i.get_fattime)
    get_moto_chassis                         0x08007c6d   Thumb Code   134  pid.o(i.get_moto_chassis)
    get_total_angle                          0x08007d01   Thumb Code    94  pid.o(i.get_total_angle)
    main                                     0x08007d81   Thumb Code   158  main.o(i.main)
    my_mem_free                              0x08007ec5   Thumb Code    96  malloc.o(i.my_mem_free)
    my_mem_init                              0x08007f31   Thumb Code    34  malloc.o(i.my_mem_init)
    my_mem_malloc                            0x08007f5d   Thumb Code   156  malloc.o(i.my_mem_malloc)
    my_mem_perused                           0x08008005   Thumb Code    56  malloc.o(i.my_mem_perused)
    myfree                                   0x08008045   Thumb Code    30  malloc.o(i.myfree)
    mymalloc                                 0x08008069   Thumb Code    34  malloc.o(i.mymalloc)
    mymemset                                 0x08008091   Thumb Code    20  malloc.o(i.mymemset)
    put_fat                                  0x080080b9   Thumb Code   310  ff.o(i.put_fat)
    set_moto_current                         0x080082a1   Thumb Code    50  pid.o(i.set_moto_current)
    memtblsize                               0x08008474   Data           8  malloc.o(.constdata)
    memblksize                               0x0800847c   Data           8  malloc.o(.constdata)
    memsize                                  0x08008484   Data           8  malloc.o(.constdata)
    APBAHBPrescTable                         0x0803318e   Data          16  stm32f4xx_hal_rcc.o(.constdata)
    Region$$Table$$Base                      0x080331a0   Number         0  anon$$obj.o(Region$$Table)
    Region$$Table$$Limit                     0x080331c0   Number         0  anon$$obj.o(Region$$Table)
    mem2base                                 0x10000000   Data       61440  malloc.o(.ARM.__AT_0x10000000)
    mem2mapbase                              0x1000f000   Data        7680  malloc.o(.ARM.__AT_0x1000F000)
    SystemCoreClock                          0x20000000   Data           4  system_stm32f4xx.o(.data)
    AHBPrescTable                            0x20000004   Data          16  system_stm32f4xx.o(.data)
    time                                     0x20000018   Data           8  timer.o(.data)
    mallco_dev                               0x20000020   Data          28  malloc.o(.data)
    one_mm                                   0x2000003c   Data           4  pid.o(.data)
    one_rpm                                  0x20000040   Data           4  pid.o(.data)
    set_angle                                0x20000044   Data           8  pid.o(.data)
    isPIDcomplete                            0x2000004c   Data           1  pid.o(.data)
    Mode                                     0x20000050   Data          16  pid.o(.data)
    current                                  0x20000060   Data           2  pid.o(.data)
    error                                    0x20000064   Data           4  pid.o(.data)
    Can_Data_Num                             0x20000068   Data           1  can_database.o(.data)
    CtrlCurrent                              0x20000070   Data           8  can_database.o(.data)
    Now_Process                              0x20000078   Data           1  can_database.o(.data)
    MISO_CONTINUE_FLAG                       0x20000079   Data           1  can_database.o(.data)
    MISO_PASS_FLAG                           0x2000007a   Data           1  can_database.o(.data)
    MOSI_TEST_IO_FLAG                        0x2000007b   Data           1  can_database.o(.data)
    MOSI_MOTOR_TEST_FLAG                     0x2000007c   Data           1  can_database.o(.data)
    MOSI_HANDLE_FLAG                         0x2000007d   Data           1  can_database.o(.data)
    MOSI_BRAKE_FLAG                          0x2000007e   Data           1  can_database.o(.data)
    MOSI_ESCON_DUTY                          0x20000080   Data           2  can_database.o(.data)
    MOSI_GRAB_LOC                            0x20000088   Data           8  can_database.o(.data)
    MISO_GRAB_LOC                            0x20000090   Data           8  can_database.o(.data)
    MOSI_COVER_SP                            0x20000098   Data           4  can_database.o(.data)
    MISO_COVER_SP                            0x2000009c   Data           4  can_database.o(.data)
    MOSI_LENGTH_X                            0x200000a0   Data           1  can_database.o(.data)
    MOSI_LENGTH_Y                            0x200000a1   Data           1  can_database.o(.data)
    MISO_LENGTH_X                            0x200000a8   Data           8  can_database.o(.data)
    MISO_LENGTH_Y                            0x200000b0   Data           8  can_database.o(.data)
    MISO_GRAB_MOTOR                          0x200000b8   Data           1  can_database.o(.data)
    MISO_COVER_MOTOR                         0x200000b9   Data           1  can_database.o(.data)
    MISO_CURRENT                             0x200000ba   Data           2  can_database.o(.data)
    Can_Database                             0x200000bc   Data         440  can_database.o(.data)
    HASH_TABLE                               0x20000274   Data        2000  can_database.o(.data)
    f_can_res                                0x20000a44   Data           1  command.o(.data)
    isSDcardExistence                        0x20000a45   Data           1  command.o(.data)
    isCovermove                              0x20000a46   Data           1  command.o(.data)
    fs                                       0x20000a50   Data           4  exfuns.o(.data)
    file                                     0x20000a54   Data           4  exfuns.o(.data)
    ftemp                                    0x20000a58   Data           4  exfuns.o(.data)
    br                                       0x20000a5c   Data           4  exfuns.o(.data)
    bw                                       0x20000a60   Data           4  exfuns.o(.data)
    fatbuf                                   0x20000a64   Data           4  exfuns.o(.data)
    USART2_Handler                           0x20000a70   Data          64  uart.o(.bss)
    USART3_Handler                           0x20000ab0   Data          64  uart.o(.bss)
    UART4_Handler                            0x20000af0   Data          64  uart.o(.bss)
    USART6_Handler                           0x20000b30   Data          64  uart.o(.bss)
    TIM2_Handler                             0x20000b70   Data          60  timer.o(.bss)
    CAN1_Handler                             0x20000bac   Data          64  can.o(.bss)
    CAN1_TxMessage                           0x20000bec   Data          28  can.o(.bss)
    CAN1_RxMessage                           0x20000c08   Data          36  can.o(.bss)
    CAN2_Handler                             0x20000c2c   Data          64  can.o(.bss)
    CAN2_TxMessage                           0x20000c6c   Data          28  can.o(.bss)
    CAN2_RxMessage                           0x20000c88   Data          36  can.o(.bss)
    SDCARD_Handler                           0x20000cb0   Data          96  sdio_sdcard.o(.bss)
    SDCardInfo                               0x20000d10   Data          88  sdio_sdcard.o(.bss)
    SDTxDMAHandler                           0x20000d68   Data          88  sdio_sdcard.o(.bss)
    SDRxDMAHandler                           0x20000dc0   Data          88  sdio_sdcard.o(.bss)
    SDIO_DATA_BUFFER                         0x20000e18   Data         512  sdio_sdcard.o(.bss)
    mem1base                                 0x20001020   Data       102400  malloc.o(.bss)
    mem1mapbase                              0x2001a020   Data       12800  malloc.o(.bss)
    moto_chassis                             0x2001d220   Data         224  pid.o(.bss)
    set_spd                                  0x2001d300   Data          16  pid.o(.bss)
    set_loc                                  0x2001d310   Data          32  pid.o(.bss)
    pid_spd                                  0x2001d330   Data         432  pid.o(.bss)
    pid_loc                                  0x2001d4e0   Data         432  pid.o(.bss)
    Motor2Stm                                0x2001d690   Data          16  can_database.o(.bss)
    f_can                                    0x2001d6a0   Data         552  command.o(.bss)
    f_mycan                                  0x2001d8c8   Data         552  command.o(.bss)
    fileinfo                                 0x2001daf0   Data          32  exfuns.o(.bss)
    dir                                      0x2001db10   Data          36  exfuns.o(.bss)
    __initial_sp                             0x2001df38   Data           0  startup_stm32f407xx.o(STACK)



==============================================================================

Memory Map of the image

  Image Entry point : 0x08000189

  Load Region LR_IROM1 (Base: 0x08000000, Size: 0x00033c30, Max: 0x00100000, ABSOLUTE, COMPRESSED[0x000332d0])

    Execution Region ER_IROM1 (Exec base: 0x08000000, Load base: 0x08000000, Size: 0x000331c0, Max: 0x00100000, ABSOLUTE)

    Exec Addr    Load Addr    Size         Type   Attr      Idx    E Section Name        Object

    0x08000000   0x08000000   0x00000188   Data   RO         2121    RESET               startup_stm32f407xx.o
    0x08000188   0x08000188   0x00000000   Code   RO         5232  * .ARM.Collect$$$$00000000  mc_w.l(entry.o)
    0x08000188   0x08000188   0x00000004   Code   RO         5514    .ARM.Collect$$$$00000001  mc_w.l(entry2.o)
    0x0800018c   0x0800018c   0x00000004   Code   RO         5517    .ARM.Collect$$$$00000004  mc_w.l(entry5.o)
    0x08000190   0x08000190   0x00000000   Code   RO         5519    .ARM.Collect$$$$00000008  mc_w.l(entry7b.o)
    0x08000190   0x08000190   0x00000000   Code   RO         5521    .ARM.Collect$$$$0000000A  mc_w.l(entry8b.o)
    0x08000190   0x08000190   0x00000008   Code   RO         5522    .ARM.Collect$$$$0000000B  mc_w.l(entry9a.o)
    0x08000198   0x08000198   0x00000000   Code   RO         5524    .ARM.Collect$$$$0000000D  mc_w.l(entry10a.o)
    0x08000198   0x08000198   0x00000000   Code   RO         5526    .ARM.Collect$$$$0000000F  mc_w.l(entry11a.o)
    0x08000198   0x08000198   0x00000004   Code   RO         5515    .ARM.Collect$$$$00002712  mc_w.l(entry2.o)
    0x0800019c   0x0800019c   0x00000010   Code   RO         5207    .emb_text           sys.o
    0x080001ac   0x080001ac   0x00000024   Code   RO         2122    .text               startup_stm32f407xx.o
    0x080001d0   0x080001d0   0x00000062   Code   RO         5235    .text               mc_w.l(uldiv.o)
    0x08000232   0x08000232   0x00000024   Code   RO         5237    .text               mc_w.l(memcpya.o)
    0x08000256   0x08000256   0x00000024   Code   RO         5239    .text               mc_w.l(memseta.o)
    0x0800027a   0x0800027a   0x00000018   Code   RO         5241    .text               mc_w.l(strcat.o)
    0x08000292   0x08000292   0x00000012   Code   RO         5245    .text               mc_w.l(strcpy.o)
    0x080002a4   0x080002a4   0x0000002c   Code   RO         5510    .text               mf_w.l(ffltl.o)
    0x080002d0   0x080002d0   0x00000026   Code   RO         5512    .text               mf_w.l(f2d.o)
    0x080002f6   0x080002f6   0x0000002c   Code   RO         5529    .text               mc_w.l(uidiv.o)
    0x08000322   0x08000322   0x0000001e   Code   RO         5531    .text               mc_w.l(llshl.o)
    0x08000340   0x08000340   0x00000020   Code   RO         5533    .text               mc_w.l(llushr.o)
    0x08000360   0x08000360   0x00000000   Code   RO         5535    .text               mc_w.l(iusefp.o)
    0x08000360   0x08000360   0x0000006e   Code   RO         5536    .text               mf_w.l(fepilogue.o)
    0x080003ce   0x080003ce   0x0000014e   Code   RO         5538    .text               mf_w.l(dadd.o)
    0x0800051c   0x0800051c   0x000000e4   Code   RO         5540    .text               mf_w.l(dmul.o)
    0x08000600   0x08000600   0x000000de   Code   RO         5542    .text               mf_w.l(ddiv.o)
    0x080006de   0x080006de   0x00000030   Code   RO         5544    .text               mf_w.l(dfixul.o)
    0x0800070e   0x0800070e   0x00000002   PAD
    0x08000710   0x08000710   0x00000030   Code   RO         5546    .text               mf_w.l(cdrcmple.o)
    0x08000740   0x08000740   0x00000024   Code   RO         5548    .text               mc_w.l(init.o)
    0x08000764   0x08000764   0x00000024   Code   RO         5550    .text               mc_w.l(llsshr.o)
    0x08000788   0x08000788   0x000000ba   Code   RO         5552    .text               mf_w.l(depilogue.o)
    0x08000842   0x08000842   0x00000056   Code   RO         5562    .text               mc_w.l(__dczerorl2.o)
    0x08000898   0x08000898   0x00000004   Code   RO          553    i.BusFault_Handler  stm32f4xx_it.o
    0x0800089c   0x0800089c   0x000000e0   Code   RO         1095    i.CAN1_RX0_IRQHandler  can.o
    0x0800097c   0x0800097c   0x000000e4   Code   RO         1096    i.CAN1_RX1_IRQHandler  can.o
    0x08000a60   0x08000a60   0x000000e0   Code   RO         1097    i.CAN2_RX0_IRQHandler  can.o
    0x08000b40   0x08000b40   0x000000e4   Code   RO         1098    i.CAN2_RX1_IRQHandler  can.o
    0x08000c24   0x08000c24   0x00000440   Code   RO         1099    i.CAN_Mode_Init     can.o
    0x08001064   0x08001064   0x00000088   Code   RO         1444    i.COVER_Handler     command.o
    0x080010ec   0x080010ec   0x0000000e   Code   RO         1100    i.Can_SendData      can.o
    0x080010fa   0x080010fa   0x00000002   Code   RO          554    i.DebugMon_Handler  stm32f4xx_it.o
    0x080010fc   0x080010fc   0x0000000c   Code   RO          755    i.EXTI15_10_IRQHandler  io.o
    0x08001108   0x08001108   0x000000a0   Code   RO         1445    i.GRAB_Handler      command.o
    0x080011a8   0x080011a8   0x0000012c   Code   RO         2277    i.HAL_CAN_ConfigFilter  stm32f4xx_hal_can.o
    0x080012d4   0x080012d4   0x000001c0   Code   RO         2283    i.HAL_CAN_Init      stm32f4xx_hal_can.o
    0x08001494   0x08001494   0x000001cc   Code   RO         1101    i.HAL_CAN_MspInit   can.o
    0x08001660   0x08001660   0x000001d0   Code   RO         2286    i.HAL_CAN_Receive   stm32f4xx_hal_can.o
    0x08001830   0x08001830   0x00000260   Code   RO         2290    i.HAL_CAN_Transmit  stm32f4xx_hal_can.o
    0x08001a90   0x08001a90   0x0000001a   Code   RO         2136    i.HAL_Delay         stm32f4xx_hal.o
    0x08001aaa   0x08001aaa   0x00000002   PAD
    0x08001aac   0x08001aac   0x00000024   Code   RO          757    i.HAL_GPIO_EXTI_Callback  io.o
    0x08001ad0   0x08001ad0   0x0000001c   Code   RO         2666    i.HAL_GPIO_EXTI_IRQHandler  stm32f4xx_hal_gpio.o
    0x08001aec   0x08001aec   0x0000020c   Code   RO         2667    i.HAL_GPIO_Init     stm32f4xx_hal_gpio.o
    0x08001cf8   0x08001cf8   0x0000000c   Code   RO         2142    i.HAL_GetTick       stm32f4xx_hal.o
    0x08001d04   0x08001d04   0x00000010   Code   RO         2143    i.HAL_IncTick       stm32f4xx_hal.o
    0x08001d14   0x08001d14   0x0000003c   Code   RO         2144    i.HAL_Init          stm32f4xx_hal.o
    0x08001d50   0x08001d50   0x00000024   Code   RO         2145    i.HAL_InitTick      stm32f4xx_hal.o
    0x08001d74   0x08001d74   0x00000002   Code   RO          320    i.HAL_MspInit       stm32f4xx_hal_msp.o
    0x08001d76   0x08001d76   0x0000001a   Code   RO         5082    i.HAL_NVIC_EnableIRQ  stm32f4xx_hal_cortex.o
    0x08001d90   0x08001d90   0x0000007c   Code   RO         5088    i.HAL_NVIC_SetPriority  stm32f4xx_hal_cortex.o
    0x08001e0c   0x08001e0c   0x00000028   Code   RO         5089    i.HAL_NVIC_SetPriorityGrouping  stm32f4xx_hal_cortex.o
    0x08001e34   0x08001e34   0x000002b0   Code   RO         2731    i.HAL_RCC_ClockConfig  stm32f4xx_hal_rcc.o
    0x080020e4   0x080020e4   0x00000038   Code   RO         2736    i.HAL_RCC_GetHCLKFreq  stm32f4xx_hal_rcc.o
    0x0800211c   0x0800211c   0x000000b4   Code   RO         2740    i.HAL_RCC_GetSysClockFreq  stm32f4xx_hal_rcc.o
    0x080021d0   0x080021d0   0x00000408   Code   RO         2743    i.HAL_RCC_OscConfig  stm32f4xx_hal_rcc.o
    0x080025d8   0x080025d8   0x000002ee   Code   RO         2881    i.HAL_SD_Get_CardInfo  stm32f4xx_hal_sd.o
    0x080028c6   0x080028c6   0x0000009c   Code   RO         2884    i.HAL_SD_Init       stm32f4xx_hal_sd.o
    0x08002962   0x08002962   0x00000002   PAD
    0x08002964   0x08002964   0x000000c0   Code   RO         1161    i.HAL_SD_MspInit    sdio_sdcard.o
    0x08002a24   0x08002a24   0x000001f0   Code   RO         2887    i.HAL_SD_ReadBlocks  stm32f4xx_hal_sd.o
    0x08002c14   0x08002c14   0x00000036   Code   RO         2890    i.HAL_SD_StopTransfer  stm32f4xx_hal_sd.o
    0x08002c4a   0x08002c4a   0x0000007e   Code   RO         2891    i.HAL_SD_WideBusOperation_Config  stm32f4xx_hal_sd.o
    0x08002cc8   0x08002cc8   0x0000028a   Code   RO         2892    i.HAL_SD_WriteBlocks  stm32f4xx_hal_sd.o
    0x08002f52   0x08002f52   0x00000028   Code   RO         5091    i.HAL_SYSTICK_CLKSourceConfig  stm32f4xx_hal_cortex.o
    0x08002f7a   0x08002f7a   0x00000034   Code   RO         5093    i.HAL_SYSTICK_Config  stm32f4xx_hal_cortex.o
    0x08002fae   0x08002fae   0x00000002   Code   RO         4011    i.HAL_TIMEx_BreakCallback  stm32f4xx_hal_tim_ex.o
    0x08002fb0   0x08002fb0   0x00000002   Code   RO         4012    i.HAL_TIMEx_CommutationCallback  stm32f4xx_hal_tim_ex.o
    0x08002fb2   0x08002fb2   0x00000034   Code   RO         3372    i.HAL_TIM_Base_Init  stm32f4xx_hal_tim.o
    0x08002fe6   0x08002fe6   0x00000002   PAD
    0x08002fe8   0x08002fe8   0x00000044   Code   RO         1046    i.HAL_TIM_Base_MspInit  timer.o
    0x0800302c   0x0800302c   0x0000001e   Code   RO         3377    i.HAL_TIM_Base_Start_IT  stm32f4xx_hal_tim.o
    0x0800304a   0x0800304a   0x00000002   Code   RO         3401    i.HAL_TIM_IC_CaptureCallback  stm32f4xx_hal_tim.o
    0x0800304c   0x0800304c   0x00000196   Code   RO         3414    i.HAL_TIM_IRQHandler  stm32f4xx_hal_tim.o
    0x080031e2   0x080031e2   0x00000002   Code   RO         3417    i.HAL_TIM_OC_DelayElapsedCallback  stm32f4xx_hal_tim.o
    0x080031e4   0x080031e4   0x00000002   Code   RO         3444    i.HAL_TIM_PWM_PulseFinishedCallback  stm32f4xx_hal_tim.o
    0x080031e6   0x080031e6   0x00000002   PAD
    0x080031e8   0x080031e8   0x00000024   Code   RO         1047    i.HAL_TIM_PeriodElapsedCallback  timer.o
    0x0800320c   0x0800320c   0x00000002   Code   RO         3455    i.HAL_TIM_TriggerCallback  stm32f4xx_hal_tim.o
    0x0800320e   0x0800320e   0x000000f8   Code   RO         4269    i.HAL_UART_Receive  stm32f4xx_hal_uart.o
    0x08003306   0x08003306   0x000000f0   Code   RO         4274    i.HAL_UART_Transmit  stm32f4xx_hal_uart.o
    0x080033f6   0x080033f6   0x00000004   Code   RO          555    i.HardFault_Handler  stm32f4xx_it.o
    0x080033fa   0x080033fa   0x00000002   PAD
    0x080033fc   0x080033fc   0x00000048   Code   RO         1400    i.Hash_Table_Init   can_database.o
    0x08003444   0x08003444   0x00000084   Code   RO          758    i.IO_Init           io.o
    0x080034c8   0x080034c8   0x00000004   Code   RO          556    i.MemManage_Handler  stm32f4xx_it.o
    0x080034cc   0x080034cc   0x00000002   Code   RO          557    i.NMI_Handler       stm32f4xx_it.o
    0x080034ce   0x080034ce   0x00000002   PAD
    0x080034d0   0x080034d0   0x00000010   Code   RO         5095    i.NVIC_GetPriorityGrouping  stm32f4xx_hal_cortex.o
    0x080034e0   0x080034e0   0x00000028   Code   RO         5096    i.NVIC_SetPriority  stm32f4xx_hal_cortex.o
    0x08003508   0x08003508   0x00000002   Code   RO         1401    i.Null              can_database.o
    0x0800350a   0x0800350a   0x0000000a   Code   RO         1297    i.PID_01            pid.o
    0x08003514   0x08003514   0x0000000a   Code   RO         1298    i.PID_02            pid.o
    0x0800351e   0x0800351e   0x000000f6   Code   RO         1301    i.PID_DJI           pid.o
    0x08003614   0x08003614   0x000001d4   Code   RO         1302    i.PID_DJI_Handler   pid.o
    0x080037e8   0x080037e8   0x000000ac   Code   RO         1303    i.PID_Init          pid.o
    0x08003894   0x08003894   0x00000048   Code   RO         1304    i.PID_struct_init   pid.o
    0x080038dc   0x080038dc   0x00000002   Code   RO          558    i.PendSV_Handler    stm32f4xx_it.o
    0x080038de   0x080038de   0x0000002c   Code   RO         4839    i.SDIO_DataConfig   stm32f4xx_ll_sdmmc.o
    0x0800390a   0x0800390a   0x00000008   Code   RO         4840    i.SDIO_GetCommandResponse  stm32f4xx_ll_sdmmc.o
    0x08003912   0x08003912   0x0000000a   Code   RO         4843    i.SDIO_GetPowerState  stm32f4xx_ll_sdmmc.o
    0x0800391c   0x0800391c   0x00000018   Code   RO         4844    i.SDIO_GetResponse  stm32f4xx_ll_sdmmc.o
    0x08003934   0x08003934   0x00000034   Code   RO         4845    i.SDIO_Init         stm32f4xx_ll_sdmmc.o
    0x08003968   0x08003968   0x0000000a   Code   RO         4847    i.SDIO_PowerState_ON  stm32f4xx_ll_sdmmc.o
    0x08003972   0x08003972   0x00000008   Code   RO         4848    i.SDIO_ReadFIFO     stm32f4xx_ll_sdmmc.o
    0x0800397a   0x0800397a   0x00000028   Code   RO         4849    i.SDIO_SendCommand  stm32f4xx_ll_sdmmc.o
    0x080039a2   0x080039a2   0x0000000c   Code   RO         4851    i.SDIO_WriteFIFO    stm32f4xx_ll_sdmmc.o
    0x080039ae   0x080039ae   0x00000036   Code   RO         2896    i.SD_CmdError       stm32f4xx_hal_sd.o
    0x080039e4   0x080039e4   0x00000180   Code   RO         2897    i.SD_CmdResp1Error  stm32f4xx_hal_sd.o
    0x08003b64   0x08003b64   0x00000046   Code   RO         2898    i.SD_CmdResp2Error  stm32f4xx_hal_sd.o
    0x08003baa   0x08003baa   0x00000032   Code   RO         2899    i.SD_CmdResp3Error  stm32f4xx_hal_sd.o
    0x08003bdc   0x08003bdc   0x000000ac   Code   RO         2900    i.SD_CmdResp6Error  stm32f4xx_hal_sd.o
    0x08003c88   0x08003c88   0x00000066   Code   RO         2901    i.SD_CmdResp7Error  stm32f4xx_hal_sd.o
    0x08003cee   0x08003cee   0x00000172   Code   RO         2906    i.SD_FindSCR        stm32f4xx_hal_sd.o
    0x08003e60   0x08003e60   0x0000004c   Code   RO         1163    i.SD_Init           sdio_sdcard.o
    0x08003eac   0x08003eac   0x000000fa   Code   RO         2908    i.SD_Initialize_Cards  stm32f4xx_hal_sd.o
    0x08003fa6   0x08003fa6   0x00000002   PAD
    0x08003fa8   0x08003fa8   0x000001d4   Code   RO         2909    i.SD_IsCardProgramming  stm32f4xx_hal_sd.o
    0x0800417c   0x0800417c   0x00000164   Code   RO         2911    i.SD_PowerON        stm32f4xx_hal_sd.o
    0x080042e0   0x080042e0   0x00000090   Code   RO         1164    i.SD_ReadDisk       sdio_sdcard.o
    0x08004370   0x08004370   0x00000038   Code   RO         2912    i.SD_Select_Deselect  stm32f4xx_hal_sd.o
    0x080043a8   0x080043a8   0x00000096   Code   RO         2914    i.SD_WideBus_Disable  stm32f4xx_hal_sd.o
    0x0800443e   0x0800443e   0x00000096   Code   RO         2915    i.SD_WideBus_Enable  stm32f4xx_hal_sd.o
    0x080044d4   0x080044d4   0x00000090   Code   RO         1165    i.SD_WriteDisk      sdio_sdcard.o
    0x08004564   0x08004564   0x00000002   Code   RO          559    i.SVC_Handler       stm32f4xx_it.o
    0x08004566   0x08004566   0x00000002   PAD
    0x08004568   0x08004568   0x00000078   Code   RO         1446    i.S_CONTINUE_FLAG_ID_record  command.o
    0x080045e0   0x080045e0   0x000000ac   Code   RO         1447    i.S_LENGTH_X_ID_record  command.o
    0x0800468c   0x0800468c   0x00000078   Code   RO         1448    i.S_LENGTH_Y_ID_record  command.o
    0x08004704   0x08004704   0x00000074   Code   RO         1449    i.S_PASS_FLAG_ID_record  command.o
    0x08004778   0x08004778   0x000000ac   Code   RO         5208    i.Stm32_Clock_Init  sys.o
    0x08004824   0x08004824   0x00000008   Code   RO          560    i.SysTick_Handler   stm32f4xx_it.o
    0x0800482c   0x0800482c   0x000000c0   Code   RO          631    i.SystemCoreClockUpdate  system_stm32f4xx.o
    0x080048ec   0x080048ec   0x00000064   Code   RO          632    i.SystemInit        system_stm32f4xx.o
    0x08004950   0x08004950   0x00000010   Code   RO         1048    i.TIM2_IRQHandler   timer.o
    0x08004960   0x08004960   0x0000002c   Code   RO         1049    i.TIM2_Init         timer.o
    0x0800498c   0x0800498c   0x000000e4   Code   RO         3456    i.TIM_Base_SetConfig  stm32f4xx_hal_tim.o
    0x08004a70   0x08004a70   0x00000030   Code   RO          913    i.UART4_IRQHandler  uart.o
    0x08004aa0   0x08004aa0   0x0000002a   Code   RO          916    i.UART_SendByte     uart.o
    0x08004aca   0x08004aca   0x000000fa   Code   RO         4288    i.UART_WaitOnFlagUntilTimeout  stm32f4xx_hal_uart.o
    0x08004bc4   0x08004bc4   0x00000030   Code   RO          919    i.USART2_IRQHandler  uart.o
    0x08004bf4   0x08004bf4   0x00000030   Code   RO          920    i.USART3_IRQHandler  uart.o
    0x08004c24   0x08004c24   0x00000030   Code   RO          921    i.USART6_IRQHandler  uart.o
    0x08004c54   0x08004c54   0x00000004   Code   RO          561    i.UsageFault_Handler  stm32f4xx_it.o
    0x08004c58   0x08004c58   0x00000034   Code   RO         1450    i.W_BRAKE_ID_record  command.o
    0x08004c8c   0x08004c8c   0x00000090   Code   RO         1451    i.W_GAME_PROCESS_ID_record  command.o
    0x08004d1c   0x08004d1c   0x00000038   Code   RO         1452    i.W_HANDLE_record   command.o
    0x08004d54   0x08004d54   0x0000003c   Code   RO         1453    i.W_IO_TEST_ID_record  command.o
    0x08004d90   0x08004d90   0x00000074   Code   RO         1454    i.W_LENGTH_X_ID_record  command.o
    0x08004e04   0x08004e04   0x00000074   Code   RO         1455    i.W_LENGTH_Y_ID_record  command.o
    0x08004e78   0x08004e78   0x00000040   Code   RO         1456    i.W_MOTOR_TEST_ID_record  command.o
    0x08004eb8   0x08004eb8   0x00000040   Code   RO         1457    i.W_SET_COVER_ID_record  command.o
    0x08004ef8   0x08004ef8   0x00000040   Code   RO         1458    i.W_SET_ESCON_ID_record  command.o
    0x08004f38   0x08004f38   0x00000050   Code   RO         1459    i.W_SET_GRAB_ID_record  command.o
    0x08004f88   0x08004f88   0x00000158   Code   RO         1402    i.Write_Database    can_database.o
    0x080050e0   0x080050e0   0x00000028   Code   RO         5484    i.__0sprintf        mc_w.l(printfa.o)
    0x08005108   0x08005108   0x00000024   Code   RO         5488    i.__0vsprintf       mc_w.l(printfa.o)
    0x0800512c   0x0800512c   0x0000000e   Code   RO         5556    i.__scatterload_copy  mc_w.l(handlers.o)
    0x0800513a   0x0800513a   0x00000002   Code   RO         5557    i.__scatterload_null  mc_w.l(handlers.o)
    0x0800513c   0x0800513c   0x0000000e   Code   RO         5558    i.__scatterload_zeroinit  mc_w.l(handlers.o)
    0x0800514a   0x0800514a   0x00000002   PAD
    0x0800514c   0x0800514c   0x00000184   Code   RO         5489    i._fp_digits        mc_w.l(printfa.o)
    0x080052d0   0x080052d0   0x000006dc   Code   RO         5490    i._printf_core      mc_w.l(printfa.o)
    0x080059ac   0x080059ac   0x00000024   Code   RO         5491    i._printf_post_padding  mc_w.l(printfa.o)
    0x080059d0   0x080059d0   0x0000002e   Code   RO         5492    i._printf_pre_padding  mc_w.l(printfa.o)
    0x080059fe   0x080059fe   0x0000000a   Code   RO         5494    i._sputc            mc_w.l(printfa.o)
    0x08005a08   0x08005a08   0x0000002e   Code   RO         1305    i.abs_limit         pid.o
    0x08005a36   0x08005a36   0x00000002   PAD
    0x08005a38   0x08005a38   0x00000090   Code   RO         1645    i.check_fs          ff.o
    0x08005ac8   0x08005ac8   0x00000014   Code   RO         1646    i.chk_chr           ff.o
    0x08005adc   0x08005adc   0x00000032   Code   RO         1647    i.clmt_clust        ff.o
    0x08005b0e   0x08005b0e   0x0000001a   Code   RO         1648    i.clust2sect        ff.o
    0x08005b28   0x08005b28   0x00000090   Code   RO         1649    i.cmp_lfn           ff.o
    0x08005bb8   0x08005bb8   0x000000d6   Code   RO         1650    i.create_chain      ff.o
    0x08005c8e   0x08005c8e   0x00000002   PAD
    0x08005c90   0x08005c90   0x000002d8   Code   RO         1651    i.create_name       ff.o
    0x08005f68   0x08005f68   0x00000014   Code   RO         3157    i.delay_init        delay.o
    0x08005f7c   0x08005f7c   0x0000005c   Code   RO         1652    i.dir_alloc         ff.o
    0x08005fd8   0x08005fd8   0x000000ea   Code   RO         1653    i.dir_find          ff.o
    0x080060c2   0x080060c2   0x00000110   Code   RO         1654    i.dir_next          ff.o
    0x080061d2   0x080061d2   0x00000136   Code   RO         1656    i.dir_register      ff.o
    0x08006308   0x08006308   0x0000009e   Code   RO         1658    i.dir_sdi           ff.o
    0x080063a6   0x080063a6   0x00000020   Code   RO         1565    i.disk_initialize   diskio.o
    0x080063c6   0x080063c6   0x00000002   PAD
    0x080063c8   0x080063c8   0x0000006c   Code   RO         1566    i.disk_ioctl        diskio.o
    0x08006434   0x08006434   0x00000056   Code   RO         1567    i.disk_read         diskio.o
    0x0800648a   0x0800648a   0x00000006   Code   RO         1568    i.disk_status       diskio.o
    0x08006490   0x08006490   0x00000056   Code   RO         1569    i.disk_write        diskio.o
    0x080064e6   0x080064e6   0x00000002   PAD
    0x080064e8   0x080064e8   0x00000084   Code   RO         2035    i.exfuns_init       exfuns.o
    0x0800656c   0x0800656c   0x0000006c   Code   RO         1659    i.f_chdir           ff.o
    0x080065d8   0x080065d8   0x00000024   Code   RO         1661    i.f_close           ff.o
    0x080065fc   0x080065fc   0x00000016   Code   RO         1662    i.f_closedir        ff.o
    0x08006612   0x08006612   0x0000028e   Code   RO         1667    i.f_lseek           ff.o
    0x080068a0   0x080068a0   0x0000018a   Code   RO         1668    i.f_mkdir           ff.o
    0x08006a2a   0x08006a2a   0x00000002   PAD
    0x08006a2c   0x08006a2c   0x0000005c   Code   RO         2036    i.f_mknewdir        exfuns.o
    0x08006a88   0x08006a88   0x0000005c   Code   RO         1670    i.f_mount           ff.o
    0x08006ae4   0x08006ae4   0x00000180   Code   RO         1671    i.f_open            ff.o
    0x08006c64   0x08006c64   0x00000088   Code   RO         1672    i.f_opendir         ff.o
    0x08006cec   0x08006cec   0x00000274   Code   RO         1673    i.f_printf          ff.o
    0x08006f60   0x08006f60   0x00000078   Code   RO         2037    i.f_record          exfuns.o
    0x08006fd8   0x08006fd8   0x0000004c   Code   RO         2038    i.f_record_init     exfuns.o
    0x08007024   0x08007024   0x00000054   Code   RO         1680    i.f_stat            ff.o
    0x08007078   0x08007078   0x000000b0   Code   RO         1681    i.f_sync            ff.o
    0x08007128   0x08007128   0x00000048   Code   RO         2039    i.f_timestamp       exfuns.o
    0x08007170   0x08007170   0x0000007c   Code   RO         1684    i.f_utime           ff.o
    0x080071ec   0x080071ec   0x000001ea   Code   RO         1685    i.f_write           ff.o
    0x080073d6   0x080073d6   0x00000002   PAD
    0x080073d8   0x080073d8   0x0000007c   Code   RO         2001    i.ff_convert        cc936.o
    0x08007454   0x08007454   0x0000000e   Code   RO         1570    i.ff_memalloc       diskio.o
    0x08007462   0x08007462   0x0000000e   Code   RO         1571    i.ff_memfree        diskio.o
    0x08007470   0x08007470   0x00000038   Code   RO         2002    i.ff_wtoupper       cc936.o
    0x080074a8   0x080074a8   0x0000038c   Code   RO         1686    i.find_volume       ff.o
    0x08007834   0x08007834   0x00000080   Code   RO         1687    i.fit_lfn           ff.o
    0x080078b4   0x080078b4   0x000000ae   Code   RO         1688    i.follow_path       ff.o
    0x08007962   0x08007962   0x00000002   PAD
    0x08007964   0x08007964   0x000000c8   Code   RO         1689    i.gen_numname       ff.o
    0x08007a2c   0x08007a2c   0x000000e8   Code   RO         1690    i.get_fat           ff.o
    0x08007b14   0x08007b14   0x00000004   Code   RO         1572    i.get_fattime       diskio.o
    0x08007b18   0x08007b18   0x0000010c   Code   RO         1691    i.get_fileinfo      ff.o
    0x08007c24   0x08007c24   0x00000048   Code   RO         1692    i.get_ldnumber      ff.o
    0x08007c6c   0x08007c6c   0x00000094   Code   RO         1306    i.get_moto_chassis  pid.o
    0x08007d00   0x08007d00   0x0000005e   Code   RO         1307    i.get_total_angle   pid.o
    0x08007d5e   0x08007d5e   0x00000020   Code   RO         1693    i.ld_clust          ff.o
    0x08007d7e   0x08007d7e   0x00000002   PAD
    0x08007d80   0x08007d80   0x000000bc   Code   RO            4    i.main              main.o
    0x08007e3c   0x08007e3c   0x00000026   Code   RO         1694    i.mem_cmp           ff.o
    0x08007e62   0x08007e62   0x0000001a   Code   RO         1695    i.mem_cpy           ff.o
    0x08007e7c   0x08007e7c   0x00000014   Code   RO         1696    i.mem_set           ff.o
    0x08007e90   0x08007e90   0x00000032   Code   RO         1697    i.move_window       ff.o
    0x08007ec2   0x08007ec2   0x00000002   PAD
    0x08007ec4   0x08007ec4   0x0000006c   Code   RO         1215    i.my_mem_free       malloc.o
    0x08007f30   0x08007f30   0x0000002c   Code   RO         1216    i.my_mem_init       malloc.o
    0x08007f5c   0x08007f5c   0x000000a8   Code   RO         1217    i.my_mem_malloc     malloc.o
    0x08008004   0x08008004   0x00000040   Code   RO         1218    i.my_mem_perused    malloc.o
    0x08008044   0x08008044   0x00000024   Code   RO         1219    i.myfree            malloc.o
    0x08008068   0x08008068   0x00000028   Code   RO         1220    i.mymalloc          malloc.o
    0x08008090   0x08008090   0x00000014   Code   RO         1222    i.mymemset          malloc.o
    0x080080a4   0x080080a4   0x00000014   Code   RO         1308    i.pid_param_init    pid.o
    0x080080b8   0x080080b8   0x00000136   Code   RO         1699    i.put_fat           ff.o
    0x080081ee   0x080081ee   0x00000044   Code   RO         1700    i.putc_bfd          ff.o
    0x08008232   0x08008232   0x0000006c   Code   RO         1701    i.remove_chain      ff.o
    0x0800829e   0x0800829e   0x00000002   PAD
    0x080082a0   0x080082a0   0x00000038   Code   RO         1309    i.set_moto_current  pid.o
    0x080082d8   0x080082d8   0x00000010   Code   RO         1702    i.st_clust          ff.o
    0x080082e8   0x080082e8   0x00000020   Code   RO         1703    i.sum_sfn           ff.o
    0x08008308   0x08008308   0x000000c8   Code   RO         1704    i.sync_fs           ff.o
    0x080083d0   0x080083d0   0x0000004c   Code   RO         1705    i.sync_window       ff.o
    0x0800841c   0x0800841c   0x00000036   Code   RO         1706    i.validate          ff.o
    0x08008452   0x08008452   0x00000002   PAD
    0x08008454   0x08008454   0x0000001e   Data   RO            5    .constdata          main.o
    0x08008472   0x08008472   0x00000002   PAD
    0x08008474   0x08008474   0x00000018   Data   RO         1227    .constdata          malloc.o
    0x0800848c   0x0800848c   0x0000003a   Data   RO         1707    .constdata          ff.o
    0x080084c6   0x080084c6   0x0002acc8   Data   RO         2003    .constdata          cc936.o
    0x0803318e   0x0803318e   0x00000010   Data   RO         2744    .constdata          stm32f4xx_hal_rcc.o
    0x0803319e   0x0803319e   0x00000002   PAD
    0x080331a0   0x080331a0   0x00000020   Data   RO         5554    Region$$Table       anon$$obj.o


    Execution Region RW_IRAM1 (Exec base: 0x20000000, Load base: 0x080331c0, Size: 0x0001df38, Max: 0x00020000, ABSOLUTE, COMPRESSED[0x00000110])

    Exec Addr    Load Addr    Size         Type   Attr      Idx    E Section Name        Object

    0x20000000   COMPRESSED   0x00000014   Data   RW          633    .data               system_stm32f4xx.o
    0x20000014   COMPRESSED   0x00000004   PAD
    0x20000018   COMPRESSED   0x00000008   Data   RW         1051    .data               timer.o
    0x20000020   COMPRESSED   0x0000001c   Data   RW         1228    .data               malloc.o
    0x2000003c   COMPRESSED   0x0000002c   Data   RW         1311    .data               pid.o
    0x20000068   COMPRESSED   0x000009dc   Data   RW         1404    .data               can_database.o
    0x20000a44   COMPRESSED   0x00000003   Data   RW         1461    .data               command.o
    0x20000a47   COMPRESSED   0x00000001   PAD
    0x20000a48   COMPRESSED   0x00000006   Data   RW         1708    .data               ff.o
    0x20000a4e   COMPRESSED   0x00000002   PAD
    0x20000a50   COMPRESSED   0x00000018   Data   RW         2044    .data               exfuns.o
    0x20000a68   COMPRESSED   0x00000004   Data   RW         2150    .data               stm32f4xx_hal.o
    0x20000a6c   COMPRESSED   0x00000004   Data   RW         3160    .data               delay.o
    0x20000a70        -       0x00000100   Zero   RW          923    .bss                uart.o
    0x20000b70        -       0x0000003c   Zero   RW         1050    .bss                timer.o
    0x20000bac        -       0x00000100   Zero   RW         1102    .bss                can.o
    0x20000cac   COMPRESSED   0x00000004   PAD
    0x20000cb0        -       0x00000368   Zero   RW         1166    .bss                sdio_sdcard.o
    0x20001018   COMPRESSED   0x00000008   PAD
    0x20001020        -       0x0001c200   Zero   RW         1226    .bss                malloc.o
    0x2001d220        -       0x00000470   Zero   RW         1310    .bss                pid.o
    0x2001d690        -       0x00000010   Zero   RW         1403    .bss                can_database.o
    0x2001d6a0        -       0x00000450   Zero   RW         1460    .bss                command.o
    0x2001daf0        -       0x00000044   Zero   RW         2041    .bss                exfuns.o
    0x2001db34   COMPRESSED   0x00000004   PAD
    0x2001db38        -       0x00000400   Zero   RW         2119    STACK               startup_stm32f407xx.o



  Load Region LR$$.ARM.__AT_0x10000000 (Base: 0x10000000, Size: 0x00000000, Max: 0x0000f000, ABSOLUTE)

    Execution Region ER$$.ARM.__AT_0x10000000 (Exec base: 0x10000000, Load base: 0x10000000, Size: 0x0000f000, Max: 0x0000f000, ABSOLUTE, UNINIT)

    Exec Addr    Load Addr    Size         Type   Attr      Idx    E Section Name        Object

    0x10000000        -       0x0000f000   Zero   RW         1224    .ARM.__AT_0x10000000  malloc.o



  Load Region LR$$.ARM.__AT_0x1000F000 (Base: 0x1000f000, Size: 0x00000000, Max: 0x00001e00, ABSOLUTE)

    Execution Region ER$$.ARM.__AT_0x1000F000 (Exec base: 0x1000f000, Load base: 0x1000f000, Size: 0x00001e00, Max: 0x00001e00, ABSOLUTE, UNINIT)

    Exec Addr    Load Addr    Size         Type   Attr      Idx    E Section Name        Object

    0x1000f000        -       0x00001e00   Zero   RW         1225    .ARM.__AT_0x1000F000  malloc.o


==============================================================================

Image component sizes


      Code (inc. data)   RO Data    RW Data    ZI Data      Debug   Object Name

      2466        142          0          0        256       7061   can.o
       418         42          0       2524         16       5363   can_database.o
       180         18     175304          0          0       3235   cc936.o
      1640        860          0          3       1104       9874   command.o
        20          4          0          4          0        997   delay.o
       350          6          0          0          0      10791   diskio.o
       492         32          0         24         68       5328   exfuns.o
      8732         66         58          6          0      52445   ff.o
       180         22          0          0          0     618374   io.o
       188         30         30          0          0      26355   main.o
       480         54         24         28     184320       7097   malloc.o
      1342         86          0         44       1136      10240   pid.o
       556         42          0          0        872       4283   sdio_sdcard.o
        36          8        392          0       1024        960   startup_stm32f407xx.o
       150         16          0          4          0       5138   stm32f4xx_hal.o
      1820         20          0          0          0       4911   stm32f4xx_hal_can.o
       338         22          0          0          0      32509   stm32f4xx_hal_cortex.o
       552         52          0          0          0       2803   stm32f4xx_hal_gpio.o
         2          0          0          0          0     697134   stm32f4xx_hal_msp.o
      1956         50         16          0          0       5661   stm32f4xx_hal_rcc.o
      4864         16          0          0          0      24012   stm32f4xx_hal_sd.o
       724         44          0          0          0       6947   stm32f4xx_hal_tim.o
         4          0          0          0          0       1994   stm32f4xx_hal_tim_ex.o
       738          0          0          0          0       4015   stm32f4xx_hal_uart.o
        32          0          0          0          0       5274   stm32f4xx_it.o
       208          4          0          0          0       7645   stm32f4xx_ll_sdmmc.o
       188          8          0          0          0       2115   sys.o
       292         40          0         20          0       2241   system_stm32f4xx.o
       164         26          0          8         60       3217   timer.o
       234         16          0          0        256       4767   uart.o

    ----------------------------------------------------------------------
     29384       1726     175860       2672     189128    1572786   Object Totals
         0          0         32          0          0          0   (incl. Generated)
        38          0          4          7         16          0   (incl. Padding)

    ----------------------------------------------------------------------

      Code (inc. data)   RO Data    RW Data    ZI Data      Debug   Library Member Name

        86          0          0          0          0          0   __dczerorl2.o
         0          0          0          0          0          0   entry.o
         0          0          0          0          0          0   entry10a.o
         0          0          0          0          0          0   entry11a.o
         8          4          0          0          0          0   entry2.o
         4          0          0          0          0          0   entry5.o
         0          0          0          0          0          0   entry7b.o
         0          0          0          0          0          0   entry8b.o
         8          4          0          0          0          0   entry9a.o
        30          0          0          0          0          0   handlers.o
        36          8          0          0          0         68   init.o
         0          0          0          0          0          0   iusefp.o
        30          0          0          0          0         68   llshl.o
        36          0          0          0          0         68   llsshr.o
        32          0          0          0          0         68   llushr.o
        36          0          0          0          0         68   memcpya.o
        36          0          0          0          0        108   memseta.o
      2312         92          0          0          0        600   printfa.o
        24          0          0          0          0         68   strcat.o
        18          0          0          0          0         68   strcpy.o
        44          0          0          0          0         80   uidiv.o
        98          0          0          0          0         92   uldiv.o
        48          0          0          0          0         68   cdrcmple.o
       334          0          0          0          0        148   dadd.o
       222          0          0          0          0        100   ddiv.o
       186          0          0          0          0        176   depilogue.o
        48          0          0          0          0         68   dfixul.o
       228          0          0          0          0         96   dmul.o
        38          0          0          0          0         68   f2d.o
       110          0          0          0          0        168   fepilogue.o
        44          0          0          0          0         92   ffltl.o

    ----------------------------------------------------------------------
      4100        108          0          0          0       2340   Library Totals
         4          0          0          0          0          0   (incl. Padding)

    ----------------------------------------------------------------------

      Code (inc. data)   RO Data    RW Data    ZI Data      Debug   Library Name

      2838        108          0          0          0       1356   mc_w.l
      1258          0          0          0          0        984   mf_w.l

    ----------------------------------------------------------------------
      4100        108          0          0          0       2340   Library Totals

    ----------------------------------------------------------------------

==============================================================================


      Code (inc. data)   RO Data    RW Data    ZI Data      Debug   

     33484       1834     175860       2672     189128    1555214   Grand Totals
     33484       1834     175860        272     189128    1555214   ELF Image Totals (compressed)
     33484       1834     175860        272          0          0   ROM Totals

==============================================================================

    Total RO  Size (Code + RO Data)               209344 ( 204.44kB)
    Total RW  Size (RW Data + ZI Data)            191800 ( 187.30kB)
    Total ROM Size (Code + RO Data + RW Data)     209616 ( 204.70kB)

==============================================================================

